******************************************************************************
                  TI ARM Linker PC v18.12.4                    
******************************************************************************
>> Linked Fri Mar  6 20:06:37 2020

OUTPUT FILE NAME:   <lab7_2_MSP_EXP432P401R_nortos_ccs.out>
ENTRY POINT SYMBOL: "_c_int00_noargs"  address: 00001269


MEMORY CONFIGURATION

         name            origin    length      used     unused   attr    fill
----------------------  --------  ---------  --------  --------  ----  --------
  MAIN                  00000000   00040000  00001768  0003e898  R  X
  INFO                  00200000   00004000  00000000  00004000  R  X
  SRAM_CODE             01000000   00010000  00000240  0000fdc0  RW X
  SRAM_DATA             20000000   00010000  00000240  0000fdc0  RW  


SEGMENT ALLOCATION MAP

run origin  load origin   length   init length attrs members
----------  ----------- ---------- ----------- ----- -------
00000000    00000000    00001768   00001768    r-x
  00000000    00000000    000000e4   000000e4    r-- .intvecs
  000000e4    000000e4    0000155c   0000155c    r-x .text
  00001640    00001640    000000e0   000000e0    r-- .const
  00001720    00001720    00000048   00000048    r-- .cinit
20000000    20000000    00000040   00000000    rw-
  20000000    20000000    00000024   00000000    rw- .bss
  20000024    20000024    0000001c   00000000    rw- .data
2000fe00    2000fe00    00000200   00000000    rw-
  2000fe00    2000fe00    00000200   00000000    rw- .stack


SECTION ALLOCATION MAP

 output                                  attributes/
section   page    origin      length       input sections
--------  ----  ----------  ----------   ----------------
.intvecs   0    00000000    000000e4     
                  00000000    000000e4     startup_msp432p401r_ccs.obj (.intvecs:retain)

.text      0    000000e4    0000155c     
                  000000e4    000001b6     rtsv7M4_T_le_v4SPD16_eabi.lib : fd_add_t2.asm.obj (.text)
                  0000029a    00000002     startup_msp432p401r_ccs.obj (.text:Default_Handler)
                  0000029c    00000160     msp432p4xx_driverlib.lib : adc14.o (.text:_getIndexForMemRegister)
                  000003fc    00000144                              : timer_a.o (.text:privateTimer_AProcessClockSourceDivider)
                  00000540    00000138     main.obj (.text:main)
                  00000678    00000130     msp432p4xx_driverlib.lib : cs.o (.text:CS_initClockSignal)
                  000007a8    0000011c                              : uart.o (.text:UART_initModule)
                  000008c4    000000b4                              : adc14.o (.text:ADC14_configureConversionMemory)
                  00000978    0000009c     rtsv7M4_T_le_v4SPD16_eabi.lib : memcpy_t2.asm.obj (.text)
                  00000a14    00000098     main.obj (.text:PORT1_IRQHandler)
                  00000aac    00000088     msp432p4xx_driverlib.lib : gpio.o (.text:GPIO_setAsPeripheralModuleFunctionInputPin)
                  00000b34    00000088                              : gpio.o (.text:GPIO_setAsPeripheralModuleFunctionOutputPin)
                  00000bbc    00000084                              : gpio.o (.text:GPIO_getEnabledInterruptStatus)
                  00000c40    00000080                              : interrupt.o (.text:Interrupt_enableInterrupt)
                  00000cc0    0000007c     uart_functions.obj (.text:initUART)
                  00000d3c    00000078     system_msp432p401r.obj (.text:SystemInit)
                  00000db4    00000074     msp432p4xx_driverlib.lib : timer_a.o (.text:Timer_A_generatePWM)
                  00000e28    00000070     uart_functions.obj (.text:EUSCIA0_IRQHandler)
                  00000e98    0000006e     rtsv7M4_T_le_v4SPD16_eabi.lib : fd_tos_t2.asm.obj (.text)
                  00000f06    00000068                                   : copy_decompress_lzss.c.obj (.text:decompress:lzss:__TI_decompress_lzss)
                  00000f6e    00000064     msp432p4xx_driverlib.lib : uart.o (.text:UART_getEnabledInterruptStatus)
                  00000fd2    00000002     --HOLE-- [fill = 0]
                  00000fd4    00000058                              : adc14.o (.text:ADC14_configureSingleSampleMode)
                  0000102c    00000058                              : gpio.o (.text:GPIO_setAsInputPinWithPullUpResistor)
                  00001084    00000054                              : adc14.o (.text:ADC14_initModule)
                  000010d8    00000044     rtsv7M4_T_le_v4SPD16_eabi.lib : autoinit.c.obj (.text:__TI_auto_init_nobinit_nopinit:__TI_auto_init_nobinit_nopinit)
                  0000111c    00000040     msp432p4xx_driverlib.lib : gpio.o (.text:GPIO_setAsOutputPin)
                  0000115c    00000038                              : adc14.o (.text:ADC14_getEnabledInterruptStatus)
                  00001194    00000038     rtsv7M4_T_le_v4SPD16_eabi.lib : fs_tod_t2.asm.obj (.text)
                  000011cc    00000034     main.obj (.text:ADC14_IRQHandler)
                  00001200    00000034     msp432p4xx_driverlib.lib : adc14.o (.text:ADC14_enableSampleTimer)
                  00001234    00000034                              : cs.o (.text:CS_setDCOCenteredFrequency)
                  00001268    00000034     rtsv7M4_T_le_v4SPD16_eabi.lib : boot_cortex_m.c.obj (.text:_c_int00_noargs:_c_int00_noargs)
                  0000129c    00000034     uart_functions.obj (.text:writeString)
                  000012d0    00000030     msp432p4xx_driverlib.lib : adc14.o (.text:ADC14_clearInterruptFlag)
                  00001300    00000030                              : adc14.o (.text:ADC14_enableInterrupt)
                  00001330    00000030                              : cs.o (.text:CS_setReferenceOscillatorFrequency)
                  00001360    0000002c                              : adc14.o (.text:ADC14_getInterruptStatus)
                  0000138c    0000002c                              : adc14.o (.text:ADC14_toggleConversionTrigger)
                  000013b8    0000002c                              : timer_a.o (.text:Timer_A_clearCaptureCompareInterrupt)
                  000013e4    0000002c                              : timer_a.o (.text:Timer_A_enableCaptureCompareInterrupt)
                  00001410    0000002a     main.obj (.text:TA0_0_IRQHandler)
                  0000143a    00000002     --HOLE-- [fill = 0]
                  0000143c    00000028     msp432p4xx_driverlib.lib : adc14.o (.text:ADC14_enableConversion)
                  00001464    00000028                              : adc14.o (.text:ADC14_getResult)
                  0000148c    00000028                              : gpio.o (.text:GPIO_clearInterruptFlag)
                  000014b4    00000028                              : gpio.o (.text:GPIO_enableInterrupt)
                  000014dc    00000028                              : gpio.o (.text:GPIO_setOutputLowOnPin)
                  00001504    00000028                              : pcm.o (.text:PCM_gotoLPM0)
                  0000152c    00000028     main.obj (.text:TA0_N_IRQHandler)
                  00001554    00000024     msp432p4xx_driverlib.lib : gpio.o (.text:GPIO_getInterruptStatus)
                  00001578    00000024                              : wdt_a.o (.text:WDT_A_holdTimer)
                  0000159c    0000001c     rtsv7M4_T_le_v4SPD16_eabi.lib : copy_zero_init.c.obj (.text:decompress:ZI:__TI_zero_init_nomemset:__TI_zero_init_nomemset)
                  000015b8    00000018     msp432p4xx_driverlib.lib : uart.o (.text:UART_getInterruptStatus)
                  000015d0    00000010                              : adc14.o (.text:ADCIsConversionRunning)
                  000015e0    00000010                              : interrupt.o (.text:Interrupt_enableMaster)
                  000015f0    00000010                              : interrupt.o (.text:Interrupt_enableSleepOnIsrExit)
                  00001600    0000000e     rtsv7M4_T_le_v4SPD16_eabi.lib : copy_decompress_none.c.obj (.text:decompress:none:__TI_decompress_none)
                  0000160e    00000002     --HOLE-- [fill = 0]
                  00001610    0000000c     msp432p4xx_driverlib.lib : adc14.o (.text:ADC14_enableModule)
                  0000161c    0000000c                              : cpu.o (.text:CPU_cpsie)
                  00001628    0000000c     startup_msp432p401r_ccs.obj (.text:Reset_Handler)
                  00001634    00000004     msp432p4xx_driverlib.lib : cpu.o (.text:CPU_wfi)
                  00001638    00000004     rtsv7M4_T_le_v4SPD16_eabi.lib : pre_init.c.obj (.text:_system_pre_init)
                  0000163c    00000004                                   : exit.c.obj (.text:abort:abort)

.const     0    00001640    000000e0     
                  00001640    00000080     msp432p4xx_driverlib.lib : adc14.o (.const:_ctlRegs)
                  000016c0    00000030                              : gpio.o (.const:GPIO_PORT_TO_BASE)
                  000016f0    00000028     uart_functions.obj (.const:uartConfig)
                  00001718    00000008     msp432p4xx_driverlib.lib : interrupt.o (.const:g_pulEnRegs)

.cinit     0    00001720    00000048     
                  00001720    0000001d     (.cinit..data.load) [load image, compression = lzss]
                  0000173d    00000003     --HOLE-- [fill = 0]
                  00001740    0000000c     (__TI_handler_table)
                  0000174c    00000004     --HOLE-- [fill = 0]
                  00001750    00000008     (.cinit..bss.load) [load image, compression = zero_init]
                  00001758    00000010     (__TI_cinit_table)

.init_array 
*          0    00000000    00000000     UNINITIALIZED

.binit     0    00000000    00000000     

.bss       0    20000000    00000024     UNINITIALIZED
                  20000000    00000022     (.common:ringBuffer)
                  20000022    00000002     (.common:adcResult)

.data      0    20000024    0000001c     UNINITIALIZED
                  20000024    00000018     main.obj (.data:pwmConfig)
                  2000003c    00000004     main.obj (.data)

.stack     0    2000fe00    00000200     UNINITIALIZED
                  2000fe00    00000004     rtsv7M4_T_le_v4SPD16_eabi.lib : boot_cortex_m.c.obj (.stack)
                  2000fe04    000001fc     --HOLE--

MODULE SUMMARY

       Module                        code   ro data   rw data
       ------                        ----   -------   -------
    .\
       main.obj                      598    0         60     
       uart_functions.obj            288    40        68     
       system_msp432p401r.obj        120    0         0      
    +--+-----------------------------+------+---------+---------+
       Total:                        1006   40        128    
                                                             
    .\ccs\
       startup_msp432p401r_ccs.obj   14     228       0      
    +--+-----------------------------+------+---------+---------+
       Total:                        14     228       0      
                                                             
    C:/ti/ccs930/simplelink_msp432p4_sdk_3_40_01_02/source/ti/devices/msp432p4xx/driverlib/ccs/msp432p4xx_driverlib.lib
       adc14.o                       1104   128       0      
       gpio.o                        712    48        0      
       timer_a.o                     528    0         0      
       uart.o                        408    0         0      
       cs.o                          404    0         0      
       interrupt.o                   160    8         0      
       pcm.o                         40     0         0      
       wdt_a.o                       36     0         0      
       cpu.o                         16     0         0      
    +--+-----------------------------+------+---------+---------+
       Total:                        3408   184       0      
                                                             
    C:\ti\ccs930\ccs\tools\compiler\ti-cgt-arm_18.12.4.LTS\lib\rtsv7M4_T_le_v4SPD16_eabi.lib
       fd_add_t2.asm.obj             438    0         0      
       memcpy_t2.asm.obj             156    0         0      
       fd_tos_t2.asm.obj             110    0         0      
       copy_decompress_lzss.c.obj    104    0         0      
       autoinit.c.obj                68     0         0      
       fs_tod_t2.asm.obj             56     0         0      
       boot_cortex_m.c.obj           52     0         0      
       copy_zero_init.c.obj          28     0         0      
       copy_decompress_none.c.obj    14     0         0      
       exit.c.obj                    4      0         0      
       pre_init.c.obj                4      0         0      
    +--+-----------------------------+------+---------+---------+
       Total:                        1034   0         0      
                                                             
       Stack:                        0      0         1024   
       Linker Generated:             0      65        0      
    +--+-----------------------------+------+---------+---------+
       Grand Total:                  5462   517       1152   


LINKER GENERATED COPY TABLES

__TI_cinit_table @ 00001758 records: 2, size/record: 8, table size: 16
	.data: load addr=00001720, load size=0000001d bytes, run addr=20000024, run size=0000001c bytes, compression=lzss
	.bss: load addr=00001750, load size=00000008 bytes, run addr=20000000, run size=00000024 bytes, compression=zero_init


LINKER GENERATED HANDLER TABLE

__TI_handler_table @ 00001740 records: 3, size/record: 4, table size: 12
	index: 0, handler: __TI_decompress_lzss
	index: 1, handler: __TI_decompress_none
	index: 2, handler: __TI_zero_init


GLOBAL SYMBOLS: SORTED ALPHABETICALLY BY Name 

address   name                                       
-------   ----                                       
000011cd  ADC14_IRQHandler                           
000011cd  ADC14_IRQHandler                           
000012d1  ADC14_clearInterruptFlag                   
000008c5  ADC14_configureConversionMemory            
00000fd5  ADC14_configureSingleSampleMode            
0000143d  ADC14_enableConversion                     
00001301  ADC14_enableInterrupt                      
00001611  ADC14_enableModule                         
00001201  ADC14_enableSampleTimer                    
0000115d  ADC14_getEnabledInterruptStatus            
00001361  ADC14_getInterruptStatus                   
00001465  ADC14_getResult                            
00001085  ADC14_initModule                           
0000138d  ADC14_toggleConversionTrigger              
0000029b  AES256_IRQHandler                          
0000029b  BusFault_Handler                           
0000163d  C$$EXIT                                    
0000029b  COMP_E0_IRQHandler                         
0000029b  COMP_E1_IRQHandler                         
0000161d  CPU_cpsie                                  
00001635  CPU_wfi                                    
0000029b  CS_IRQHandler                              
00000679  CS_initClockSignal                         
00001235  CS_setDCOCenteredFrequency                 
00001331  CS_setReferenceOscillatorFrequency         
0000029b  DMA_ERR_IRQHandler                         
0000029b  DMA_INT0_IRQHandler                        
0000029b  DMA_INT1_IRQHandler                        
0000029b  DMA_INT2_IRQHandler                        
0000029b  DMA_INT3_IRQHandler                        
0000029b  DebugMon_Handler                           
0000029b  Default_Handler                            
00000e29  EUSCIA0_IRQHandler                         
00000e29  EUSCIA0_IRQHandler                         
0000029b  EUSCIA1_IRQHandler                         
0000029b  EUSCIA2_IRQHandler                         
0000029b  EUSCIA3_IRQHandler                         
0000029b  EUSCIB0_IRQHandler                         
0000029b  EUSCIB1_IRQHandler                         
0000029b  EUSCIB2_IRQHandler                         
0000029b  EUSCIB3_IRQHandler                         
0000029b  FLCTL_IRQHandler                           
0000029b  FPU_IRQHandler                             
0000148d  GPIO_clearInterruptFlag                    
000014b5  GPIO_enableInterrupt                       
00000bbd  GPIO_getEnabledInterruptStatus             
00001555  GPIO_getInterruptStatus                    
0000102d  GPIO_setAsInputPinWithPullUpResistor       
0000111d  GPIO_setAsOutputPin                        
00000aad  GPIO_setAsPeripheralModuleFunctionInputPin 
00000b35  GPIO_setAsPeripheralModuleFunctionOutputPin
000014dd  GPIO_setOutputLowOnPin                     
0000029b  HardFault_Handler                          
00000c41  Interrupt_enableInterrupt                  
000015e1  Interrupt_enableMaster                     
000015f1  Interrupt_enableSleepOnIsrExit             
0000029b  MemManage_Handler                          
0000029b  NMI_Handler                                
0000029b  PCM_IRQHandler                             
00001505  PCM_gotoLPM0                               
00000a15  PORT1_IRQHandler                           
00000a15  PORT1_IRQHandler                           
0000029b  PORT2_IRQHandler                           
0000029b  PORT3_IRQHandler                           
0000029b  PORT4_IRQHandler                           
0000029b  PORT5_IRQHandler                           
0000029b  PORT6_IRQHandler                           
0000029b  PSS_IRQHandler                             
0000029b  PendSV_Handler                             
0000029b  RTC_C_IRQHandler                           
00001629  Reset_Handler                              
0000029b  SVC_Handler                                
0000029b  SysTick_Handler                            
00000d3d  SystemInit                                 
0000029b  T32_INT1_IRQHandler                        
0000029b  T32_INT2_IRQHandler                        
0000029b  T32_INTC_IRQHandler                        
00001411  TA0_0_IRQHandler                           
00001411  TA0_0_IRQHandler                           
0000152d  TA0_N_IRQHandler                           
0000152d  TA0_N_IRQHandler                           
0000029b  TA1_0_IRQHandler                           
0000029b  TA1_N_IRQHandler                           
0000029b  TA2_0_IRQHandler                           
0000029b  TA2_N_IRQHandler                           
0000029b  TA3_0_IRQHandler                           
0000029b  TA3_N_IRQHandler                           
000013b9  Timer_A_clearCaptureCompareInterrupt       
000013e5  Timer_A_enableCaptureCompareInterrupt      
00000db5  Timer_A_generatePWM                        
00000f6f  UART_getEnabledInterruptStatus             
000015b9  UART_getInterruptStatus                    
000007a9  UART_initModule                            
0000029b  UsageFault_Handler                         
4000480c  WDTCTL_SYM                                 
0000029b  WDT_A_IRQHandler                           
00001579  WDT_A_holdTimer                            
20010000  __STACK_END                                
00000200  __STACK_SIZE                               
00001758  __TI_CINIT_Base                            
00001768  __TI_CINIT_Limit                           
00001740  __TI_Handler_Table_Base                    
0000174c  __TI_Handler_Table_Limit                   
000010d9  __TI_auto_init_nobinit_nopinit             
00000f07  __TI_decompress_lzss                       
00001601  __TI_decompress_none                       
ffffffff  __TI_pprof_out_hndl                        
ffffffff  __TI_prof_data_size                        
ffffffff  __TI_prof_data_start                       
00000000  __TI_static_base__                         
0000159d  __TI_zero_init_nomemset                    
00000e99  __aeabi_d2f                                
000000ef  __aeabi_dadd                               
000000e5  __aeabi_dsub                               
00001195  __aeabi_f2d                                
00000979  __aeabi_memcpy                             
00000979  __aeabi_memcpy4                            
00000979  __aeabi_memcpy8                            
ffffffff  __binit__                                  
ffffffff  __c_args__                                 
UNDEFED   __mpu_init                                 
2000fe00  __stack                                    
00001269  _c_int00_noargs                            
UNDEFED   _system_post_cinit                         
00001639  _system_pre_init                           
0000163d  abort                                      
20000022  adcResult                                  
ffffffff  binit                                      
00000cc1  initUART                                   
00000000  interruptVectors                           
00000541  main                                       
00000979  memcpy                                     
20000024  pwmConfig                                  
20000000  ringBuffer                                 
000016f0  uartConfig                                 
0000129d  writeString                                


GLOBAL SYMBOLS: SORTED BY Symbol Address 

address   name                                       
-------   ----                                       
00000000  __TI_static_base__                         
00000000  interruptVectors                           
000000e5  __aeabi_dsub                               
000000ef  __aeabi_dadd                               
00000200  __STACK_SIZE                               
0000029b  AES256_IRQHandler                          
0000029b  BusFault_Handler                           
0000029b  COMP_E0_IRQHandler                         
0000029b  COMP_E1_IRQHandler                         
0000029b  CS_IRQHandler                              
0000029b  DMA_ERR_IRQHandler                         
0000029b  DMA_INT0_IRQHandler                        
0000029b  DMA_INT1_IRQHandler                        
0000029b  DMA_INT2_IRQHandler                        
0000029b  DMA_INT3_IRQHandler                        
0000029b  DebugMon_Handler                           
0000029b  Default_Handler                            
0000029b  EUSCIA1_IRQHandler                         
0000029b  EUSCIA2_IRQHandler                         
0000029b  EUSCIA3_IRQHandler                         
0000029b  EUSCIB0_IRQHandler                         
0000029b  EUSCIB1_IRQHandler                         
0000029b  EUSCIB2_IRQHandler                         
0000029b  EUSCIB3_IRQHandler                         
0000029b  FLCTL_IRQHandler                           
0000029b  FPU_IRQHandler                             
0000029b  HardFault_Handler                          
0000029b  MemManage_Handler                          
0000029b  NMI_Handler                                
0000029b  PCM_IRQHandler                             
0000029b  PORT2_IRQHandler                           
0000029b  PORT3_IRQHandler                           
0000029b  PORT4_IRQHandler                           
0000029b  PORT5_IRQHandler                           
0000029b  PORT6_IRQHandler                           
0000029b  PSS_IRQHandler                             
0000029b  PendSV_Handler                             
0000029b  RTC_C_IRQHandler                           
0000029b  SVC_Handler                                
0000029b  SysTick_Handler                            
0000029b  T32_INT1_IRQHandler                        
0000029b  T32_INT2_IRQHandler                        
0000029b  T32_INTC_IRQHandler                        
0000029b  TA1_0_IRQHandler                           
0000029b  TA1_N_IRQHandler                           
0000029b  TA2_0_IRQHandler                           
0000029b  TA2_N_IRQHandler                           
0000029b  TA3_0_IRQHandler                           
0000029b  TA3_N_IRQHandler                           
0000029b  UsageFault_Handler                         
0000029b  WDT_A_IRQHandler                           
00000541  main                                       
00000679  CS_initClockSignal                         
000007a9  UART_initModule                            
000008c5  ADC14_configureConversionMemory            
00000979  __aeabi_memcpy                             
00000979  __aeabi_memcpy4                            
00000979  __aeabi_memcpy8                            
00000979  memcpy                                     
00000a15  PORT1_IRQHandler                           
00000a15  PORT1_IRQHandler                           
00000aad  GPIO_setAsPeripheralModuleFunctionInputPin 
00000b35  GPIO_setAsPeripheralModuleFunctionOutputPin
00000bbd  GPIO_getEnabledInterruptStatus             
00000c41  Interrupt_enableInterrupt                  
00000cc1  initUART                                   
00000d3d  SystemInit                                 
00000db5  Timer_A_generatePWM                        
00000e29  EUSCIA0_IRQHandler                         
00000e29  EUSCIA0_IRQHandler                         
00000e99  __aeabi_d2f                                
00000f07  __TI_decompress_lzss                       
00000f6f  UART_getEnabledInterruptStatus             
00000fd5  ADC14_configureSingleSampleMode            
0000102d  GPIO_setAsInputPinWithPullUpResistor       
00001085  ADC14_initModule                           
000010d9  __TI_auto_init_nobinit_nopinit             
0000111d  GPIO_setAsOutputPin                        
0000115d  ADC14_getEnabledInterruptStatus            
00001195  __aeabi_f2d                                
000011cd  ADC14_IRQHandler                           
000011cd  ADC14_IRQHandler                           
00001201  ADC14_enableSampleTimer                    
00001235  CS_setDCOCenteredFrequency                 
00001269  _c_int00_noargs                            
0000129d  writeString                                
000012d1  ADC14_clearInterruptFlag                   
00001301  ADC14_enableInterrupt                      
00001331  CS_setReferenceOscillatorFrequency         
00001361  ADC14_getInterruptStatus                   
0000138d  ADC14_toggleConversionTrigger              
000013b9  Timer_A_clearCaptureCompareInterrupt       
000013e5  Timer_A_enableCaptureCompareInterrupt      
00001411  TA0_0_IRQHandler                           
00001411  TA0_0_IRQHandler                           
0000143d  ADC14_enableConversion                     
00001465  ADC14_getResult                            
0000148d  GPIO_clearInterruptFlag                    
000014b5  GPIO_enableInterrupt                       
000014dd  GPIO_setOutputLowOnPin                     
00001505  PCM_gotoLPM0                               
0000152d  TA0_N_IRQHandler                           
0000152d  TA0_N_IRQHandler                           
00001555  GPIO_getInterruptStatus                    
00001579  WDT_A_holdTimer                            
0000159d  __TI_zero_init_nomemset                    
000015b9  UART_getInterruptStatus                    
000015e1  Interrupt_enableMaster                     
000015f1  Interrupt_enableSleepOnIsrExit             
00001601  __TI_decompress_none                       
00001611  ADC14_enableModule                         
0000161d  CPU_cpsie                                  
00001629  Reset_Handler                              
00001635  CPU_wfi                                    
00001639  _system_pre_init                           
0000163d  C$$EXIT                                    
0000163d  abort                                      
000016f0  uartConfig                                 
00001740  __TI_Handler_Table_Base                    
0000174c  __TI_Handler_Table_Limit                   
00001758  __TI_CINIT_Base                            
00001768  __TI_CINIT_Limit                           
20000000  ringBuffer                                 
20000022  adcResult                                  
20000024  pwmConfig                                  
2000fe00  __stack                                    
20010000  __STACK_END                                
4000480c  WDTCTL_SYM                                 
ffffffff  __TI_pprof_out_hndl                        
ffffffff  __TI_prof_data_size                        
ffffffff  __TI_prof_data_start                       
ffffffff  __binit__                                  
ffffffff  __c_args__                                 
ffffffff  binit                                      
UNDEFED   __mpu_init                                 
UNDEFED   _system_post_cinit                         

[136 symbols]
