<?xml version="1.0" encoding="ISO-8859-1" ?>
<link_info>
   <banner>TI ARM Linker PC v18.12.4.LTS</banner>
   <copyright>Copyright (c) 1996-2018 Texas Instruments Incorporated</copyright>
   <link_time>0x5e62f39d</link_time>
   <link_errors>0x0</link_errors>
   <output_file>lab7_2_MSP_EXP432P401R_nortos_ccs.out</output_file>
   <entry_point>
      <name>_c_int00_noargs</name>
      <address>0x1269</address>
   </entry_point>
   <input_file_list>
      <input_file id="fl-2">
         <path>.\</path>
         <kind>object</kind>
         <file>main.obj</file>
         <name>main.obj</name>
      </input_file>
      <input_file id="fl-3">
         <path>.\</path>
         <kind>object</kind>
         <file>system_msp432p401r.obj</file>
         <name>system_msp432p401r.obj</name>
      </input_file>
      <input_file id="fl-4">
         <path>.\</path>
         <kind>object</kind>
         <file>uart_functions.obj</file>
         <name>uart_functions.obj</name>
      </input_file>
      <input_file id="fl-5">
         <path>.\ccs\</path>
         <kind>object</kind>
         <file>startup_msp432p401r_ccs.obj</file>
         <name>startup_msp432p401r_ccs.obj</name>
      </input_file>
      <input_file id="fl-f">
         <kind>object</kind>
         <file>&lt;internal&gt;</file>
         <name>&lt;internal&gt;</name>
      </input_file>
      <input_file id="fl-10">
         <path>C:\ti\ccs930\simplelink_msp432p4_sdk_3_40_01_02\source\ti\devices\msp432p4xx\driverlib\ccs\</path>
         <kind>archive</kind>
         <file>msp432p4xx_driverlib.lib</file>
         <name>adc14.o</name>
      </input_file>
      <input_file id="fl-11">
         <path>C:\ti\ccs930\simplelink_msp432p4_sdk_3_40_01_02\source\ti\devices\msp432p4xx\driverlib\ccs\</path>
         <kind>archive</kind>
         <file>msp432p4xx_driverlib.lib</file>
         <name>cs.o</name>
      </input_file>
      <input_file id="fl-12">
         <path>C:\ti\ccs930\simplelink_msp432p4_sdk_3_40_01_02\source\ti\devices\msp432p4xx\driverlib\ccs\</path>
         <kind>archive</kind>
         <file>msp432p4xx_driverlib.lib</file>
         <name>gpio.o</name>
      </input_file>
      <input_file id="fl-13">
         <path>C:\ti\ccs930\simplelink_msp432p4_sdk_3_40_01_02\source\ti\devices\msp432p4xx\driverlib\ccs\</path>
         <kind>archive</kind>
         <file>msp432p4xx_driverlib.lib</file>
         <name>interrupt.o</name>
      </input_file>
      <input_file id="fl-14">
         <path>C:\ti\ccs930\simplelink_msp432p4_sdk_3_40_01_02\source\ti\devices\msp432p4xx\driverlib\ccs\</path>
         <kind>archive</kind>
         <file>msp432p4xx_driverlib.lib</file>
         <name>pcm.o</name>
      </input_file>
      <input_file id="fl-15">
         <path>C:\ti\ccs930\simplelink_msp432p4_sdk_3_40_01_02\source\ti\devices\msp432p4xx\driverlib\ccs\</path>
         <kind>archive</kind>
         <file>msp432p4xx_driverlib.lib</file>
         <name>rtc_c.o</name>
      </input_file>
      <input_file id="fl-16">
         <path>C:\ti\ccs930\simplelink_msp432p4_sdk_3_40_01_02\source\ti\devices\msp432p4xx\driverlib\ccs\</path>
         <kind>archive</kind>
         <file>msp432p4xx_driverlib.lib</file>
         <name>sysctl_a.o</name>
      </input_file>
      <input_file id="fl-17">
         <path>C:\ti\ccs930\simplelink_msp432p4_sdk_3_40_01_02\source\ti\devices\msp432p4xx\driverlib\ccs\</path>
         <kind>archive</kind>
         <file>msp432p4xx_driverlib.lib</file>
         <name>timer_a.o</name>
      </input_file>
      <input_file id="fl-18">
         <path>C:\ti\ccs930\simplelink_msp432p4_sdk_3_40_01_02\source\ti\devices\msp432p4xx\driverlib\ccs\</path>
         <kind>archive</kind>
         <file>msp432p4xx_driverlib.lib</file>
         <name>uart.o</name>
      </input_file>
      <input_file id="fl-19">
         <path>C:\ti\ccs930\simplelink_msp432p4_sdk_3_40_01_02\source\ti\devices\msp432p4xx\driverlib\ccs\</path>
         <kind>archive</kind>
         <file>msp432p4xx_driverlib.lib</file>
         <name>wdt_a.o</name>
      </input_file>
      <input_file id="fl-1a">
         <path>C:\ti\ccs930\simplelink_msp432p4_sdk_3_40_01_02\source\ti\devices\msp432p4xx\driverlib\ccs\</path>
         <kind>archive</kind>
         <file>msp432p4xx_driverlib.lib</file>
         <name>cpu.o</name>
      </input_file>
      <input_file id="fl-d0">
         <path>C:\ti\ccs930\ccs\tools\compiler\ti-cgt-arm_18.12.4.LTS\lib\</path>
         <kind>archive</kind>
         <file>rtsv7M4_T_le_v4SPD16_eabi.lib</file>
         <name>s_modf.c.obj</name>
      </input_file>
      <input_file id="fl-d1">
         <path>C:\ti\ccs930\ccs\tools\compiler\ti-cgt-arm_18.12.4.LTS\lib\</path>
         <kind>archive</kind>
         <file>rtsv7M4_T_le_v4SPD16_eabi.lib</file>
         <name>sprintf.c.obj</name>
      </input_file>
      <input_file id="fl-d2">
         <path>C:\ti\ccs930\ccs\tools\compiler\ti-cgt-arm_18.12.4.LTS\lib\</path>
         <kind>archive</kind>
         <file>rtsv7M4_T_le_v4SPD16_eabi.lib</file>
         <name>fd_add_t2.asm.obj</name>
      </input_file>
      <input_file id="fl-d3">
         <path>C:\ti\ccs930\ccs\tools\compiler\ti-cgt-arm_18.12.4.LTS\lib\</path>
         <kind>archive</kind>
         <file>rtsv7M4_T_le_v4SPD16_eabi.lib</file>
         <name>fd_div_t2.asm.obj</name>
      </input_file>
      <input_file id="fl-d4">
         <path>C:\ti\ccs930\ccs\tools\compiler\ti-cgt-arm_18.12.4.LTS\lib\</path>
         <kind>archive</kind>
         <file>rtsv7M4_T_le_v4SPD16_eabi.lib</file>
         <name>fd_mul_t2.asm.obj</name>
      </input_file>
      <input_file id="fl-d5">
         <path>C:\ti\ccs930\ccs\tools\compiler\ti-cgt-arm_18.12.4.LTS\lib\</path>
         <kind>archive</kind>
         <file>rtsv7M4_T_le_v4SPD16_eabi.lib</file>
         <name>fd_toi_t2.asm.obj</name>
      </input_file>
      <input_file id="fl-d6">
         <path>C:\ti\ccs930\ccs\tools\compiler\ti-cgt-arm_18.12.4.LTS\lib\</path>
         <kind>archive</kind>
         <file>rtsv7M4_T_le_v4SPD16_eabi.lib</file>
         <name>fd_tos_t2.asm.obj</name>
      </input_file>
      <input_file id="fl-d7">
         <path>C:\ti\ccs930\ccs\tools\compiler\ti-cgt-arm_18.12.4.LTS\lib\</path>
         <kind>archive</kind>
         <file>rtsv7M4_T_le_v4SPD16_eabi.lib</file>
         <name>fs_tod_t2.asm.obj</name>
      </input_file>
      <input_file id="fl-d8">
         <path>C:\ti\ccs930\ccs\tools\compiler\ti-cgt-arm_18.12.4.LTS\lib\</path>
         <kind>archive</kind>
         <file>rtsv7M4_T_le_v4SPD16_eabi.lib</file>
         <name>memcpy_t2.asm.obj</name>
      </input_file>
      <input_file id="fl-d9">
         <path>C:\ti\ccs930\ccs\tools\compiler\ti-cgt-arm_18.12.4.LTS\lib\</path>
         <kind>archive</kind>
         <file>rtsv7M4_T_le_v4SPD16_eabi.lib</file>
         <name>copy_zero_init.c.obj</name>
      </input_file>
      <input_file id="fl-da">
         <path>C:\ti\ccs930\ccs\tools\compiler\ti-cgt-arm_18.12.4.LTS\lib\</path>
         <kind>archive</kind>
         <file>rtsv7M4_T_le_v4SPD16_eabi.lib</file>
         <name>copy_decompress_none.c.obj</name>
      </input_file>
      <input_file id="fl-db">
         <path>C:\ti\ccs930\ccs\tools\compiler\ti-cgt-arm_18.12.4.LTS\lib\</path>
         <kind>archive</kind>
         <file>rtsv7M4_T_le_v4SPD16_eabi.lib</file>
         <name>copy_decompress_lzss.c.obj</name>
      </input_file>
      <input_file id="fl-dc">
         <path>C:\ti\ccs930\ccs\tools\compiler\ti-cgt-arm_18.12.4.LTS\lib\</path>
         <kind>archive</kind>
         <file>rtsv7M4_T_le_v4SPD16_eabi.lib</file>
         <name>atof.c.obj</name>
      </input_file>
      <input_file id="fl-dd">
         <path>C:\ti\ccs930\ccs\tools\compiler\ti-cgt-arm_18.12.4.LTS\lib\</path>
         <kind>archive</kind>
         <file>rtsv7M4_T_le_v4SPD16_eabi.lib</file>
         <name>atoi.c.obj</name>
      </input_file>
      <input_file id="fl-de">
         <path>C:\ti\ccs930\ccs\tools\compiler\ti-cgt-arm_18.12.4.LTS\lib\</path>
         <kind>archive</kind>
         <file>rtsv7M4_T_le_v4SPD16_eabi.lib</file>
         <name>ctype.c.obj</name>
      </input_file>
      <input_file id="fl-df">
         <path>C:\ti\ccs930\ccs\tools\compiler\ti-cgt-arm_18.12.4.LTS\lib\</path>
         <kind>archive</kind>
         <file>rtsv7M4_T_le_v4SPD16_eabi.lib</file>
         <name>strtod.c.obj</name>
      </input_file>
      <input_file id="fl-e0">
         <path>C:\ti\ccs930\ccs\tools\compiler\ti-cgt-arm_18.12.4.LTS\lib\</path>
         <kind>archive</kind>
         <file>rtsv7M4_T_le_v4SPD16_eabi.lib</file>
         <name>boot_cortex_m.c.obj</name>
      </input_file>
      <input_file id="fl-e1">
         <path>C:\ti\ccs930\ccs\tools\compiler\ti-cgt-arm_18.12.4.LTS\lib\</path>
         <kind>archive</kind>
         <file>rtsv7M4_T_le_v4SPD16_eabi.lib</file>
         <name>errno.c.obj</name>
      </input_file>
      <input_file id="fl-e2">
         <path>C:\ti\ccs930\ccs\tools\compiler\ti-cgt-arm_18.12.4.LTS\lib\</path>
         <kind>archive</kind>
         <file>rtsv7M4_T_le_v4SPD16_eabi.lib</file>
         <name>s_scalbn.c.obj</name>
      </input_file>
      <input_file id="fl-e3">
         <path>C:\ti\ccs930\ccs\tools\compiler\ti-cgt-arm_18.12.4.LTS\lib\</path>
         <kind>archive</kind>
         <file>rtsv7M4_T_le_v4SPD16_eabi.lib</file>
         <name>_printfi.c.obj</name>
      </input_file>
      <input_file id="fl-e4">
         <path>C:\ti\ccs930\ccs\tools\compiler\ti-cgt-arm_18.12.4.LTS\lib\</path>
         <kind>archive</kind>
         <file>rtsv7M4_T_le_v4SPD16_eabi.lib</file>
         <name>fd_cmp_t2.asm.obj</name>
      </input_file>
      <input_file id="fl-e5">
         <path>C:\ti\ccs930\ccs\tools\compiler\ti-cgt-arm_18.12.4.LTS\lib\</path>
         <kind>archive</kind>
         <file>rtsv7M4_T_le_v4SPD16_eabi.lib</file>
         <name>i_tofd_t2.asm.obj</name>
      </input_file>
      <input_file id="fl-e6">
         <path>C:\ti\ccs930\ccs\tools\compiler\ti-cgt-arm_18.12.4.LTS\lib\</path>
         <kind>archive</kind>
         <file>rtsv7M4_T_le_v4SPD16_eabi.lib</file>
         <name>ull_div_t2.asm.obj</name>
      </input_file>
      <input_file id="fl-e7">
         <path>C:\ti\ccs930\ccs\tools\compiler\ti-cgt-arm_18.12.4.LTS\lib\</path>
         <kind>archive</kind>
         <file>rtsv7M4_T_le_v4SPD16_eabi.lib</file>
         <name>memset_t2.asm.obj</name>
      </input_file>
      <input_file id="fl-e8">
         <path>C:\ti\ccs930\ccs\tools\compiler\ti-cgt-arm_18.12.4.LTS\lib\</path>
         <kind>archive</kind>
         <file>rtsv7M4_T_le_v4SPD16_eabi.lib</file>
         <name>autoinit.c.obj</name>
      </input_file>
      <input_file id="fl-e9">
         <path>C:\ti\ccs930\ccs\tools\compiler\ti-cgt-arm_18.12.4.LTS\lib\</path>
         <kind>archive</kind>
         <file>rtsv7M4_T_le_v4SPD16_eabi.lib</file>
         <name>pre_init.c.obj</name>
      </input_file>
      <input_file id="fl-ea">
         <path>C:\ti\ccs930\ccs\tools\compiler\ti-cgt-arm_18.12.4.LTS\lib\</path>
         <kind>archive</kind>
         <file>rtsv7M4_T_le_v4SPD16_eabi.lib</file>
         <name>cpy_tbl.c.obj</name>
      </input_file>
      <input_file id="fl-eb">
         <path>C:\ti\ccs930\ccs\tools\compiler\ti-cgt-arm_18.12.4.LTS\lib\</path>
         <kind>archive</kind>
         <file>rtsv7M4_T_le_v4SPD16_eabi.lib</file>
         <name>exit.c.obj</name>
      </input_file>
      <input_file id="fl-ec">
         <path>C:\ti\ccs930\ccs\tools\compiler\ti-cgt-arm_18.12.4.LTS\lib\</path>
         <kind>archive</kind>
         <file>rtsv7M4_T_le_v4SPD16_eabi.lib</file>
         <name>_lock.c.obj</name>
      </input_file>
      <input_file id="fl-ed">
         <path>C:\ti\ccs930\ccs\tools\compiler\ti-cgt-arm_18.12.4.LTS\lib\</path>
         <kind>archive</kind>
         <file>rtsv7M4_T_le_v4SPD16_eabi.lib</file>
         <name>args_main.c.obj</name>
      </input_file>
      <input_file id="fl-ee">
         <path>C:\ti\ccs930\ccs\tools\compiler\ti-cgt-arm_18.12.4.LTS\lib\</path>
         <kind>archive</kind>
         <file>rtsv7M4_T_le_v4SPD16_eabi.lib</file>
         <name>ltoa.c.obj</name>
      </input_file>
      <input_file id="fl-ef">
         <path>C:\ti\ccs930\ccs\tools\compiler\ti-cgt-arm_18.12.4.LTS\lib\</path>
         <kind>archive</kind>
         <file>rtsv7M4_T_le_v4SPD16_eabi.lib</file>
         <name>memccpy.c.obj</name>
      </input_file>
      <input_file id="fl-f0">
         <path>C:\ti\ccs930\ccs\tools\compiler\ti-cgt-arm_18.12.4.LTS\lib\</path>
         <kind>archive</kind>
         <file>rtsv7M4_T_le_v4SPD16_eabi.lib</file>
         <name>strchr.c.obj</name>
      </input_file>
      <input_file id="fl-f1">
         <path>C:\ti\ccs930\ccs\tools\compiler\ti-cgt-arm_18.12.4.LTS\lib\</path>
         <kind>archive</kind>
         <file>rtsv7M4_T_le_v4SPD16_eabi.lib</file>
         <name>strlen.c.obj</name>
      </input_file>
      <input_file id="fl-f2">
         <path>C:\ti\ccs930\ccs\tools\compiler\ti-cgt-arm_18.12.4.LTS\lib\</path>
         <kind>archive</kind>
         <file>rtsv7M4_T_le_v4SPD16_eabi.lib</file>
         <name>s_copysign.c.obj</name>
      </input_file>
      <input_file id="fl-f3">
         <path>C:\ti\ccs930\ccs\tools\compiler\ti-cgt-arm_18.12.4.LTS\lib\</path>
         <kind>archive</kind>
         <file>rtsv7M4_T_le_v4SPD16_eabi.lib</file>
         <name>wcslen.c.obj</name>
      </input_file>
      <input_file id="fl-f4">
         <path>C:\ti\ccs930\ccs\tools\compiler\ti-cgt-arm_18.12.4.LTS\lib\</path>
         <kind>archive</kind>
         <file>rtsv7M4_T_le_v4SPD16_eabi.lib</file>
         <name>s_frexp.c.obj</name>
      </input_file>
      <input_file id="fl-f5">
         <path>C:\ti\ccs930\ccs\tools\compiler\ti-cgt-arm_18.12.4.LTS\lib\</path>
         <kind>archive</kind>
         <file>rtsv7M4_T_le_v4SPD16_eabi.lib</file>
         <name>div0.asm.obj</name>
      </input_file>
   </input_file_list>
   <object_component_list>
      <object_component id="oc-23">
         <name>.intvecs:retain</name>
         <load_address>0x0</load_address>
         <run_address>0x0</run_address>
         <size>0xe4</size>
         <input_file_ref idref="fl-5"/>
      </object_component>
      <object_component id="oc-117">
         <name>.text</name>
         <load_address>0xe4</load_address>
         <run_address>0xe4</run_address>
         <size>0x1b6</size>
         <input_file_ref idref="fl-d2"/>
      </object_component>
      <object_component id="oc-6a">
         <name>.text:Default_Handler</name>
         <load_address>0x29a</load_address>
         <run_address>0x29a</run_address>
         <size>0x2</size>
         <input_file_ref idref="fl-5"/>
      </object_component>
      <object_component id="oc-244">
         <name>.text:_getIndexForMemRegister</name>
         <load_address>0x29c</load_address>
         <run_address>0x29c</run_address>
         <size>0x160</size>
         <input_file_ref idref="fl-10"/>
      </object_component>
      <object_component id="oc-263">
         <name>.text:privateTimer_AProcessClockSourceDivider</name>
         <load_address>0x3fc</load_address>
         <run_address>0x3fc</run_address>
         <size>0x144</size>
         <input_file_ref idref="fl-17"/>
      </object_component>
      <object_component id="oc-b4">
         <name>.text:main</name>
         <load_address>0x540</load_address>
         <run_address>0x540</run_address>
         <size>0x138</size>
         <input_file_ref idref="fl-2"/>
      </object_component>
      <object_component id="oc-197">
         <name>.text:CS_initClockSignal</name>
         <load_address>0x678</load_address>
         <run_address>0x678</run_address>
         <size>0x130</size>
         <input_file_ref idref="fl-11"/>
      </object_component>
      <object_component id="oc-28d">
         <name>.text:UART_initModule</name>
         <load_address>0x7a8</load_address>
         <run_address>0x7a8</run_address>
         <size>0x11c</size>
         <input_file_ref idref="fl-18"/>
      </object_component>
      <object_component id="oc-161">
         <name>.text:ADC14_configureConversionMemory</name>
         <load_address>0x8c4</load_address>
         <run_address>0x8c4</run_address>
         <size>0xb4</size>
         <input_file_ref idref="fl-10"/>
      </object_component>
      <object_component id="oc-34">
         <name>.text</name>
         <load_address>0x978</load_address>
         <run_address>0x978</run_address>
         <size>0x9c</size>
         <input_file_ref idref="fl-d8"/>
      </object_component>
      <object_component id="oc-88">
         <name>.text:PORT1_IRQHandler</name>
         <load_address>0xa14</load_address>
         <run_address>0xa14</run_address>
         <size>0x98</size>
         <input_file_ref idref="fl-2"/>
      </object_component>
      <object_component id="oc-167">
         <name>.text:GPIO_setAsPeripheralModuleFunctionInputPin</name>
         <load_address>0xaac</load_address>
         <run_address>0xaac</run_address>
         <size>0x88</size>
         <input_file_ref idref="fl-12"/>
      </object_component>
      <object_component id="oc-1bb">
         <name>.text:GPIO_setAsPeripheralModuleFunctionOutputPin</name>
         <load_address>0xb34</load_address>
         <run_address>0xb34</run_address>
         <size>0x88</size>
         <input_file_ref idref="fl-12"/>
      </object_component>
      <object_component id="oc-106">
         <name>.text:GPIO_getEnabledInterruptStatus</name>
         <load_address>0xbbc</load_address>
         <run_address>0xbbc</run_address>
         <size>0x84</size>
         <input_file_ref idref="fl-12"/>
      </object_component>
      <object_component id="oc-179">
         <name>.text:Interrupt_enableInterrupt</name>
         <load_address>0xc40</load_address>
         <run_address>0xc40</run_address>
         <size>0x80</size>
         <input_file_ref idref="fl-13"/>
      </object_component>
      <object_component id="oc-1a3">
         <name>.text:initUART</name>
         <load_address>0xcc0</load_address>
         <run_address>0xcc0</run_address>
         <size>0x7c</size>
         <input_file_ref idref="fl-4"/>
      </object_component>
      <object_component id="oc-c6">
         <name>.text:SystemInit</name>
         <load_address>0xd3c</load_address>
         <run_address>0xd3c</run_address>
         <size>0x78</size>
         <input_file_ref idref="fl-3"/>
      </object_component>
      <object_component id="oc-121">
         <name>.text:Timer_A_generatePWM</name>
         <load_address>0xdb4</load_address>
         <run_address>0xdb4</run_address>
         <size>0x74</size>
         <input_file_ref idref="fl-17"/>
      </object_component>
      <object_component id="oc-7c">
         <name>.text:EUSCIA0_IRQHandler</name>
         <load_address>0xe28</load_address>
         <run_address>0xe28</run_address>
         <size>0x70</size>
         <input_file_ref idref="fl-4"/>
      </object_component>
      <object_component id="oc-11c">
         <name>.text</name>
         <load_address>0xe98</load_address>
         <run_address>0xe98</run_address>
         <size>0x6e</size>
         <input_file_ref idref="fl-d6"/>
      </object_component>
      <object_component id="oc-14">
         <name>.text:decompress:lzss:__TI_decompress_lzss</name>
         <load_address>0xf06</load_address>
         <run_address>0xf06</run_address>
         <size>0x68</size>
         <input_file_ref idref="fl-db"/>
      </object_component>
      <object_component id="oc-dc">
         <name>.text:UART_getEnabledInterruptStatus</name>
         <load_address>0xf6e</load_address>
         <run_address>0xf6e</run_address>
         <size>0x64</size>
         <input_file_ref idref="fl-18"/>
      </object_component>
      <object_component id="oc-15b">
         <name>.text:ADC14_configureSingleSampleMode</name>
         <load_address>0xfd4</load_address>
         <run_address>0xfd4</run_address>
         <size>0x58</size>
         <input_file_ref idref="fl-10"/>
      </object_component>
      <object_component id="oc-1b5">
         <name>.text:GPIO_setAsInputPinWithPullUpResistor</name>
         <load_address>0x102c</load_address>
         <run_address>0x102c</run_address>
         <size>0x58</size>
         <input_file_ref idref="fl-12"/>
      </object_component>
      <object_component id="oc-155">
         <name>.text:ADC14_initModule</name>
         <load_address>0x1084</load_address>
         <run_address>0x1084</run_address>
         <size>0x54</size>
         <input_file_ref idref="fl-10"/>
      </object_component>
      <object_component id="oc-1e0">
         <name>.text:__TI_auto_init_nobinit_nopinit:__TI_auto_init_nobinit_nopinit</name>
         <load_address>0x10d8</load_address>
         <run_address>0x10d8</run_address>
         <size>0x44</size>
         <input_file_ref idref="fl-e8"/>
      </object_component>
      <object_component id="oc-1a9">
         <name>.text:GPIO_setAsOutputPin</name>
         <load_address>0x111c</load_address>
         <run_address>0x111c</run_address>
         <size>0x40</size>
         <input_file_ref idref="fl-12"/>
      </object_component>
      <object_component id="oc-f0">
         <name>.text:ADC14_getEnabledInterruptStatus</name>
         <load_address>0x115c</load_address>
         <run_address>0x115c</run_address>
         <size>0x38</size>
         <input_file_ref idref="fl-10"/>
      </object_component>
      <object_component id="oc-112">
         <name>.text</name>
         <load_address>0x1194</load_address>
         <run_address>0x1194</run_address>
         <size>0x38</size>
         <input_file_ref idref="fl-d7"/>
      </object_component>
      <object_component id="oc-82">
         <name>.text:ADC14_IRQHandler</name>
         <load_address>0x11cc</load_address>
         <run_address>0x11cc</run_address>
         <size>0x34</size>
         <input_file_ref idref="fl-2"/>
      </object_component>
      <object_component id="oc-16d">
         <name>.text:ADC14_enableSampleTimer</name>
         <load_address>0x1200</load_address>
         <run_address>0x1200</run_address>
         <size>0x34</size>
         <input_file_ref idref="fl-10"/>
      </object_component>
      <object_component id="oc-191">
         <name>.text:CS_setDCOCenteredFrequency</name>
         <load_address>0x1234</load_address>
         <run_address>0x1234</run_address>
         <size>0x34</size>
         <input_file_ref idref="fl-11"/>
      </object_component>
      <object_component id="oc-52">
         <name>.text:_c_int00_noargs:_c_int00_noargs</name>
         <load_address>0x1268</load_address>
         <run_address>0x1268</run_address>
         <size>0x34</size>
         <input_file_ref idref="fl-e0"/>
      </object_component>
      <object_component id="oc-d4">
         <name>.text:writeString</name>
         <load_address>0x129c</load_address>
         <run_address>0x129c</run_address>
         <size>0x34</size>
         <input_file_ref idref="fl-4"/>
      </object_component>
      <object_component id="oc-f6">
         <name>.text:ADC14_clearInterruptFlag</name>
         <load_address>0x12d0</load_address>
         <run_address>0x12d0</run_address>
         <size>0x30</size>
         <input_file_ref idref="fl-10"/>
      </object_component>
      <object_component id="oc-173">
         <name>.text:ADC14_enableInterrupt</name>
         <load_address>0x1300</load_address>
         <run_address>0x1300</run_address>
         <size>0x30</size>
         <input_file_ref idref="fl-10"/>
      </object_component>
      <object_component id="oc-19d">
         <name>.text:CS_setReferenceOscillatorFrequency</name>
         <load_address>0x1330</load_address>
         <run_address>0x1330</run_address>
         <size>0x30</size>
         <input_file_ref idref="fl-11"/>
      </object_component>
      <object_component id="oc-23c">
         <name>.text:ADC14_getInterruptStatus</name>
         <load_address>0x1360</load_address>
         <run_address>0x1360</run_address>
         <size>0x2c</size>
         <input_file_ref idref="fl-10"/>
      </object_component>
      <object_component id="oc-18b">
         <name>.text:ADC14_toggleConversionTrigger</name>
         <load_address>0x138c</load_address>
         <run_address>0x138c</run_address>
         <size>0x2c</size>
         <input_file_ref idref="fl-10"/>
      </object_component>
      <object_component id="oc-ce">
         <name>.text:Timer_A_clearCaptureCompareInterrupt</name>
         <load_address>0x13b8</load_address>
         <run_address>0x13b8</run_address>
         <size>0x2c</size>
         <input_file_ref idref="fl-17"/>
      </object_component>
      <object_component id="oc-1c7">
         <name>.text:Timer_A_enableCaptureCompareInterrupt</name>
         <load_address>0x13e4</load_address>
         <run_address>0x13e4</run_address>
         <size>0x2c</size>
         <input_file_ref idref="fl-17"/>
      </object_component>
      <object_component id="oc-70">
         <name>.text:TA0_0_IRQHandler</name>
         <load_address>0x1410</load_address>
         <run_address>0x1410</run_address>
         <size>0x2a</size>
         <input_file_ref idref="fl-2"/>
      </object_component>
      <object_component id="oc-185">
         <name>.text:ADC14_enableConversion</name>
         <load_address>0x143c</load_address>
         <run_address>0x143c</run_address>
         <size>0x28</size>
         <input_file_ref idref="fl-10"/>
      </object_component>
      <object_component id="oc-fc">
         <name>.text:ADC14_getResult</name>
         <load_address>0x1464</load_address>
         <run_address>0x1464</run_address>
         <size>0x28</size>
         <input_file_ref idref="fl-10"/>
      </object_component>
      <object_component id="oc-10c">
         <name>.text:GPIO_clearInterruptFlag</name>
         <load_address>0x148c</load_address>
         <run_address>0x148c</run_address>
         <size>0x28</size>
         <input_file_ref idref="fl-12"/>
      </object_component>
      <object_component id="oc-1c1">
         <name>.text:GPIO_enableInterrupt</name>
         <load_address>0x14b4</load_address>
         <run_address>0x14b4</run_address>
         <size>0x28</size>
         <input_file_ref idref="fl-12"/>
      </object_component>
      <object_component id="oc-1af">
         <name>.text:GPIO_setOutputLowOnPin</name>
         <load_address>0x14dc</load_address>
         <run_address>0x14dc</run_address>
         <size>0x28</size>
         <input_file_ref idref="fl-12"/>
      </object_component>
      <object_component id="oc-1cd">
         <name>.text:PCM_gotoLPM0</name>
         <load_address>0x1504</load_address>
         <run_address>0x1504</run_address>
         <size>0x28</size>
         <input_file_ref idref="fl-14"/>
      </object_component>
      <object_component id="oc-76">
         <name>.text:TA0_N_IRQHandler</name>
         <load_address>0x152c</load_address>
         <run_address>0x152c</run_address>
         <size>0x28</size>
         <input_file_ref idref="fl-2"/>
      </object_component>
      <object_component id="oc-255">
         <name>.text:GPIO_getInterruptStatus</name>
         <load_address>0x1554</load_address>
         <run_address>0x1554</run_address>
         <size>0x24</size>
         <input_file_ref idref="fl-12"/>
      </object_component>
      <object_component id="oc-143">
         <name>.text:WDT_A_holdTimer</name>
         <load_address>0x1578</load_address>
         <run_address>0x1578</run_address>
         <size>0x24</size>
         <input_file_ref idref="fl-19"/>
      </object_component>
      <object_component id="oc-40">
         <name>.text:decompress:ZI:__TI_zero_init_nomemset:__TI_zero_init_nomemset</name>
         <load_address>0x159c</load_address>
         <run_address>0x159c</run_address>
         <size>0x1c</size>
         <input_file_ref idref="fl-d9"/>
      </object_component>
      <object_component id="oc-21a">
         <name>.text:UART_getInterruptStatus</name>
         <load_address>0x15b8</load_address>
         <run_address>0x15b8</run_address>
         <size>0x18</size>
         <input_file_ref idref="fl-18"/>
      </object_component>
      <object_component id="oc-270">
         <name>.text:ADCIsConversionRunning</name>
         <load_address>0x15d0</load_address>
         <run_address>0x15d0</run_address>
         <size>0x10</size>
         <input_file_ref idref="fl-10"/>
      </object_component>
      <object_component id="oc-17f">
         <name>.text:Interrupt_enableMaster</name>
         <load_address>0x15e0</load_address>
         <run_address>0x15e0</run_address>
         <size>0x10</size>
         <input_file_ref idref="fl-13"/>
      </object_component>
      <object_component id="oc-149">
         <name>.text:Interrupt_enableSleepOnIsrExit</name>
         <load_address>0x15f0</load_address>
         <run_address>0x15f0</run_address>
         <size>0x10</size>
         <input_file_ref idref="fl-13"/>
      </object_component>
      <object_component id="oc-1a">
         <name>.text:decompress:none:__TI_decompress_none</name>
         <load_address>0x1600</load_address>
         <run_address>0x1600</run_address>
         <size>0xe</size>
         <input_file_ref idref="fl-da"/>
      </object_component>
      <object_component id="oc-14f">
         <name>.text:ADC14_enableModule</name>
         <load_address>0x1610</load_address>
         <run_address>0x1610</run_address>
         <size>0xc</size>
         <input_file_ref idref="fl-10"/>
      </object_component>
      <object_component id="oc-281">
         <name>.text:CPU_cpsie</name>
         <load_address>0x161c</load_address>
         <run_address>0x161c</run_address>
         <size>0xc</size>
         <input_file_ref idref="fl-1a"/>
      </object_component>
      <object_component id="oc-64">
         <name>.text:Reset_Handler</name>
         <load_address>0x1628</load_address>
         <run_address>0x1628</run_address>
         <size>0xc</size>
         <input_file_ref idref="fl-5"/>
      </object_component>
      <object_component id="oc-29d">
         <name>.text:CPU_wfi</name>
         <load_address>0x1634</load_address>
         <run_address>0x1634</run_address>
         <size>0x4</size>
         <input_file_ref idref="fl-1a"/>
      </object_component>
      <object_component id="oc-ae">
         <name>.text:_system_pre_init</name>
         <load_address>0x1638</load_address>
         <run_address>0x1638</run_address>
         <size>0x4</size>
         <input_file_ref idref="fl-e9"/>
      </object_component>
      <object_component id="oc-1d4">
         <name>.text:abort:abort</name>
         <load_address>0x163c</load_address>
         <run_address>0x163c</run_address>
         <size>0x4</size>
         <input_file_ref idref="fl-eb"/>
      </object_component>
      <object_component id="oc-24a">
         <name>.const:_ctlRegs</name>
         <load_address>0x1640</load_address>
         <run_address>0x1640</run_address>
         <size>0x80</size>
         <input_file_ref idref="fl-10"/>
      </object_component>
      <object_component id="oc-25b">
         <name>.const:GPIO_PORT_TO_BASE</name>
         <load_address>0x16c0</load_address>
         <run_address>0x16c0</run_address>
         <size>0x30</size>
         <input_file_ref idref="fl-12"/>
      </object_component>
      <object_component id="oc-293">
         <name>.const:uartConfig</name>
         <load_address>0x16f0</load_address>
         <run_address>0x16f0</run_address>
         <size>0x28</size>
         <input_file_ref idref="fl-4"/>
      </object_component>
      <object_component id="oc-27d">
         <name>.const:g_pulEnRegs</name>
         <load_address>0x1718</load_address>
         <run_address>0x1718</run_address>
         <size>0x8</size>
         <input_file_ref idref="fl-13"/>
      </object_component>
      <object_component id="oc-346">
         <name>.cinit..data.load</name>
         <load_address>0x1720</load_address>
         <run_address>0x1720</run_address>
         <size>0x1d</size>
      </object_component>
      <object_component id="oc-344">
         <name>__TI_handler_table</name>
         <load_address>0x1740</load_address>
         <run_address>0x1740</run_address>
         <size>0xc</size>
      </object_component>
      <object_component id="oc-347">
         <name>.cinit..bss.load</name>
         <load_address>0x1750</load_address>
         <run_address>0x1750</run_address>
         <size>0x8</size>
      </object_component>
      <object_component id="oc-345">
         <name>__TI_cinit_table</name>
         <load_address>0x1758</load_address>
         <run_address>0x1758</run_address>
         <size>0x10</size>
      </object_component>
      <object_component id="oc-319">
         <name>.binit</name>
         <load_address>0x0</load_address>
         <run_address>0x0</run_address>
         <size>0x0</size>
      </object_component>
      <object_component id="oc-128">
         <name>.data:pwmConfig</name>
         <load_address>0x20000024</load_address>
         <run_address>0x20000024</run_address>
         <size>0x18</size>
         <input_file_ref idref="fl-2"/>
      </object_component>
      <object_component id="oc-127">
         <name>.data</name>
         <load_address>0x2000003c</load_address>
         <run_address>0x2000003c</run_address>
         <size>0x4</size>
         <input_file_ref idref="fl-2"/>
      </object_component>
      <object_component id="oc-102">
         <name>.common:adcResult</name>
         <uninitialized>true</uninitialized>
         <run_address>0x20000022</run_address>
         <size>0x2</size>
      </object_component>
      <object_component id="oc-e2">
         <name>.common:ringBuffer</name>
         <uninitialized>true</uninitialized>
         <run_address>0x20000000</run_address>
         <size>0x22</size>
      </object_component>
      <object_component id="oc-26">
         <name>.stack</name>
         <uninitialized>true</uninitialized>
         <run_address>0x2000fe00</run_address>
         <size>0x4</size>
         <input_file_ref idref="fl-e0"/>
      </object_component>
      <object_component id="oc-348">
         <name>.stack</name>
         <uninitialized>true</uninitialized>
         <run_address>0x2000fe00</run_address>
         <size>0x0</size>
      </object_component>
      <object_component id="oc-103">
         <name>.debug_info</name>
         <load_address>0x0</load_address>
         <run_address>0x0</run_address>
         <size>0xe6f</size>
         <input_file_ref idref="fl-2"/>
      </object_component>
      <object_component id="oc-129">
         <name>.debug_info</name>
         <load_address>0xe6f</load_address>
         <run_address>0xe6f</run_address>
         <size>0xf6</size>
         <input_file_ref idref="fl-2"/>
      </object_component>
      <object_component id="oc-b5">
         <name>.debug_info</name>
         <load_address>0xf65</load_address>
         <run_address>0xf65</run_address>
         <size>0x552</size>
         <input_file_ref idref="fl-2"/>
      </object_component>
      <object_component id="oc-83">
         <name>.debug_info</name>
         <load_address>0x14b7</load_address>
         <run_address>0x14b7</run_address>
         <size>0x19f</size>
         <input_file_ref idref="fl-2"/>
      </object_component>
      <object_component id="oc-89">
         <name>.debug_info</name>
         <load_address>0x1656</load_address>
         <run_address>0x1656</run_address>
         <size>0x235</size>
         <input_file_ref idref="fl-2"/>
      </object_component>
      <object_component id="oc-71">
         <name>.debug_info</name>
         <load_address>0x188b</load_address>
         <run_address>0x188b</run_address>
         <size>0x16b</size>
         <input_file_ref idref="fl-2"/>
      </object_component>
      <object_component id="oc-77">
         <name>.debug_info</name>
         <load_address>0x19f6</load_address>
         <run_address>0x19f6</run_address>
         <size>0x16b</size>
         <input_file_ref idref="fl-2"/>
      </object_component>
      <object_component id="oc-12e">
         <name>.debug_info</name>
         <load_address>0x1b61</load_address>
         <run_address>0x1b61</run_address>
         <size>0x26b</size>
         <input_file_ref idref="fl-2"/>
      </object_component>
      <object_component id="oc-228">
         <name>.debug_info</name>
         <load_address>0x1dcc</load_address>
         <run_address>0x1dcc</run_address>
         <size>0x1028</size>
         <input_file_ref idref="fl-2"/>
      </object_component>
      <object_component id="oc-223">
         <name>.debug_info</name>
         <load_address>0x2df4</load_address>
         <run_address>0x2df4</run_address>
         <size>0x37e2</size>
         <input_file_ref idref="fl-2"/>
      </object_component>
      <object_component id="oc-250">
         <name>.debug_info</name>
         <load_address>0x65d6</load_address>
         <run_address>0x65d6</run_address>
         <size>0x341</size>
         <input_file_ref idref="fl-2"/>
      </object_component>
      <object_component id="oc-eb">
         <name>.debug_info</name>
         <load_address>0x6917</load_address>
         <run_address>0x6917</run_address>
         <size>0x8b</size>
         <input_file_ref idref="fl-2"/>
      </object_component>
      <object_component id="oc-237">
         <name>.debug_info</name>
         <load_address>0x69a2</load_address>
         <run_address>0x69a2</run_address>
         <size>0x297</size>
         <input_file_ref idref="fl-2"/>
      </object_component>
      <object_component id="oc-214">
         <name>.debug_info</name>
         <load_address>0x6c39</load_address>
         <run_address>0x6c39</run_address>
         <size>0xef</size>
         <input_file_ref idref="fl-2"/>
      </object_component>
      <object_component id="oc-e6">
         <name>.debug_info</name>
         <load_address>0x6d28</load_address>
         <run_address>0x6d28</run_address>
         <size>0xbb</size>
         <input_file_ref idref="fl-2"/>
      </object_component>
      <object_component id="oc-13a">
         <name>.debug_info</name>
         <load_address>0x6de3</load_address>
         <run_address>0x6de3</run_address>
         <size>0x2c</size>
         <input_file_ref idref="fl-2"/>
      </object_component>
      <object_component id="oc-22d">
         <name>.debug_info</name>
         <load_address>0x6e0f</load_address>
         <run_address>0x6e0f</run_address>
         <size>0x102</size>
         <input_file_ref idref="fl-2"/>
      </object_component>
      <object_component id="oc-c9">
         <name>.debug_info</name>
         <load_address>0x6f11</load_address>
         <run_address>0x6f11</run_address>
         <size>0x14f</size>
         <input_file_ref idref="fl-3"/>
      </object_component>
      <object_component id="oc-2f">
         <name>.debug_info</name>
         <load_address>0x7060</load_address>
         <run_address>0x7060</run_address>
         <size>0x84</size>
         <input_file_ref idref="fl-3"/>
      </object_component>
      <object_component id="oc-e3">
         <name>.debug_info</name>
         <load_address>0x70e4</load_address>
         <run_address>0x70e4</run_address>
         <size>0x75c</size>
         <input_file_ref idref="fl-4"/>
      </object_component>
      <object_component id="oc-294">
         <name>.debug_info</name>
         <load_address>0x7840</load_address>
         <run_address>0x7840</run_address>
         <size>0x102</size>
         <input_file_ref idref="fl-4"/>
      </object_component>
      <object_component id="oc-7d">
         <name>.debug_info</name>
         <load_address>0x7942</load_address>
         <run_address>0x7942</run_address>
         <size>0x1ac</size>
         <input_file_ref idref="fl-4"/>
      </object_component>
      <object_component id="oc-d5">
         <name>.debug_info</name>
         <load_address>0x7aee</load_address>
         <run_address>0x7aee</run_address>
         <size>0x184</size>
         <input_file_ref idref="fl-4"/>
      </object_component>
      <object_component id="oc-1a4">
         <name>.debug_info</name>
         <load_address>0x7c72</load_address>
         <run_address>0x7c72</run_address>
         <size>0x196</size>
         <input_file_ref idref="fl-4"/>
      </object_component>
      <object_component id="oc-232">
         <name>.debug_info</name>
         <load_address>0x7e08</load_address>
         <run_address>0x7e08</run_address>
         <size>0x69</size>
         <input_file_ref idref="fl-4"/>
      </object_component>
      <object_component id="oc-90">
         <name>.debug_info</name>
         <load_address>0x7e71</load_address>
         <run_address>0x7e71</run_address>
         <size>0x2ef</size>
         <input_file_ref idref="fl-5"/>
      </object_component>
      <object_component id="oc-24">
         <name>.debug_info</name>
         <load_address>0x8160</load_address>
         <run_address>0x8160</run_address>
         <size>0x11b</size>
         <input_file_ref idref="fl-5"/>
      </object_component>
      <object_component id="oc-67">
         <name>.debug_info</name>
         <load_address>0x827b</load_address>
         <run_address>0x827b</run_address>
         <size>0x17e</size>
         <input_file_ref idref="fl-5"/>
      </object_component>
      <object_component id="oc-6c">
         <name>.debug_info</name>
         <load_address>0x83f9</load_address>
         <run_address>0x83f9</run_address>
         <size>0x166</size>
         <input_file_ref idref="fl-5"/>
      </object_component>
      <object_component id="oc-279">
         <name>.debug_info</name>
         <load_address>0x855f</load_address>
         <run_address>0x855f</run_address>
         <size>0x706</size>
         <input_file_ref idref="fl-10"/>
      </object_component>
      <object_component id="oc-24b">
         <name>.debug_info</name>
         <load_address>0x8c65</load_address>
         <run_address>0x8c65</run_address>
         <size>0x124</size>
         <input_file_ref idref="fl-10"/>
      </object_component>
      <object_component id="oc-248">
         <name>.debug_info</name>
         <load_address>0x8d89</load_address>
         <run_address>0x8d89</run_address>
         <size>0x1d9</size>
         <input_file_ref idref="fl-10"/>
      </object_component>
      <object_component id="oc-273">
         <name>.debug_info</name>
         <load_address>0x8f62</load_address>
         <run_address>0x8f62</run_address>
         <size>0x1b8</size>
         <input_file_ref idref="fl-10"/>
      </object_component>
      <object_component id="oc-152">
         <name>.debug_info</name>
         <load_address>0x911a</load_address>
         <run_address>0x911a</run_address>
         <size>0x1ad</size>
         <input_file_ref idref="fl-10"/>
      </object_component>
      <object_component id="oc-171">
         <name>.debug_info</name>
         <load_address>0x92c7</load_address>
         <run_address>0x92c7</run_address>
         <size>0x233</size>
         <input_file_ref idref="fl-10"/>
      </object_component>
      <object_component id="oc-159">
         <name>.debug_info</name>
         <load_address>0x94fa</load_address>
         <run_address>0x94fa</run_address>
         <size>0x2fa</size>
         <input_file_ref idref="fl-10"/>
      </object_component>
      <object_component id="oc-15f">
         <name>.debug_info</name>
         <load_address>0x97f4</load_address>
         <run_address>0x97f4</run_address>
         <size>0x29b</size>
         <input_file_ref idref="fl-10"/>
      </object_component>
      <object_component id="oc-189">
         <name>.debug_info</name>
         <load_address>0x9a8f</load_address>
         <run_address>0x9a8f</run_address>
         <size>0x1d9</size>
         <input_file_ref idref="fl-10"/>
      </object_component>
      <object_component id="oc-18f">
         <name>.debug_info</name>
         <load_address>0x9c68</load_address>
         <run_address>0x9c68</run_address>
         <size>0x1ca</size>
         <input_file_ref idref="fl-10"/>
      </object_component>
      <object_component id="oc-165">
         <name>.debug_info</name>
         <load_address>0x9e32</load_address>
         <run_address>0x9e32</run_address>
         <size>0x38b</size>
         <input_file_ref idref="fl-10"/>
      </object_component>
      <object_component id="oc-100">
         <name>.debug_info</name>
         <load_address>0xa1bd</load_address>
         <run_address>0xa1bd</run_address>
         <size>0x22f</size>
         <input_file_ref idref="fl-10"/>
      </object_component>
      <object_component id="oc-177">
         <name>.debug_info</name>
         <load_address>0xa3ec</load_address>
         <run_address>0xa3ec</run_address>
         <size>0x1eb</size>
         <input_file_ref idref="fl-10"/>
      </object_component>
      <object_component id="oc-240">
         <name>.debug_info</name>
         <load_address>0xa5d7</load_address>
         <run_address>0xa5d7</run_address>
         <size>0x1d6</size>
         <input_file_ref idref="fl-10"/>
      </object_component>
      <object_component id="oc-f4">
         <name>.debug_info</name>
         <load_address>0xa7ad</load_address>
         <run_address>0xa7ad</run_address>
         <size>0x1ff</size>
         <input_file_ref idref="fl-10"/>
      </object_component>
      <object_component id="oc-fa">
         <name>.debug_info</name>
         <load_address>0xa9ac</load_address>
         <run_address>0xa9ac</run_address>
         <size>0x1f1</size>
         <input_file_ref idref="fl-10"/>
      </object_component>
      <object_component id="oc-2d0">
         <name>.debug_info</name>
         <load_address>0xab9d</load_address>
         <run_address>0xab9d</run_address>
         <size>0x431a</size>
         <input_file_ref idref="fl-10"/>
      </object_component>
      <object_component id="oc-199">
         <name>.debug_info</name>
         <load_address>0xeeb7</load_address>
         <run_address>0xeeb7</run_address>
         <size>0x29d</size>
         <input_file_ref idref="fl-11"/>
      </object_component>
      <object_component id="oc-19e">
         <name>.debug_info</name>
         <load_address>0xf154</load_address>
         <run_address>0xf154</run_address>
         <size>0x221</size>
         <input_file_ref idref="fl-11"/>
      </object_component>
      <object_component id="oc-192">
         <name>.debug_info</name>
         <load_address>0xf375</load_address>
         <run_address>0xf375</run_address>
         <size>0x1e5</size>
         <input_file_ref idref="fl-11"/>
      </object_component>
      <object_component id="oc-2cc">
         <name>.debug_info</name>
         <load_address>0xf55a</load_address>
         <run_address>0xf55a</run_address>
         <size>0x701</size>
         <input_file_ref idref="fl-12"/>
      </object_component>
      <object_component id="oc-25c">
         <name>.debug_info</name>
         <load_address>0xfc5b</load_address>
         <run_address>0xfc5b</run_address>
         <size>0x135</size>
         <input_file_ref idref="fl-12"/>
      </object_component>
      <object_component id="oc-1ac">
         <name>.debug_info</name>
         <load_address>0xfd90</load_address>
         <run_address>0xfd90</run_address>
         <size>0x252</size>
         <input_file_ref idref="fl-12"/>
      </object_component>
      <object_component id="oc-1be">
         <name>.debug_info</name>
         <load_address>0xffe2</load_address>
         <run_address>0xffe2</run_address>
         <size>0x2a5</size>
         <input_file_ref idref="fl-12"/>
      </object_component>
      <object_component id="oc-169">
         <name>.debug_info</name>
         <load_address>0x10287</load_address>
         <run_address>0x10287</run_address>
         <size>0x2a3</size>
         <input_file_ref idref="fl-12"/>
      </object_component>
      <object_component id="oc-1b2">
         <name>.debug_info</name>
         <load_address>0x1052a</load_address>
         <run_address>0x1052a</run_address>
         <size>0x258</size>
         <input_file_ref idref="fl-12"/>
      </object_component>
      <object_component id="oc-1b8">
         <name>.debug_info</name>
         <load_address>0x10782</load_address>
         <run_address>0x10782</run_address>
         <size>0x274</size>
         <input_file_ref idref="fl-12"/>
      </object_component>
      <object_component id="oc-1c4">
         <name>.debug_info</name>
         <load_address>0x109f6</load_address>
         <run_address>0x109f6</run_address>
         <size>0x254</size>
         <input_file_ref idref="fl-12"/>
      </object_component>
      <object_component id="oc-258">
         <name>.debug_info</name>
         <load_address>0x10c4a</load_address>
         <run_address>0x10c4a</run_address>
         <size>0x25e</size>
         <input_file_ref idref="fl-12"/>
      </object_component>
      <object_component id="oc-10f">
         <name>.debug_info</name>
         <load_address>0x10ea8</load_address>
         <run_address>0x10ea8</run_address>
         <size>0x25a</size>
         <input_file_ref idref="fl-12"/>
      </object_component>
      <object_component id="oc-109">
         <name>.debug_info</name>
         <load_address>0x11102</load_address>
         <run_address>0x11102</run_address>
         <size>0x264</size>
         <input_file_ref idref="fl-12"/>
      </object_component>
      <object_component id="oc-2da">
         <name>.debug_info</name>
         <load_address>0x11366</load_address>
         <run_address>0x11366</run_address>
         <size>0x68f</size>
         <input_file_ref idref="fl-13"/>
      </object_component>
      <object_component id="oc-27e">
         <name>.debug_info</name>
         <load_address>0x119f5</load_address>
         <run_address>0x119f5</run_address>
         <size>0x12e</size>
         <input_file_ref idref="fl-13"/>
      </object_component>
      <object_component id="oc-181">
         <name>.debug_info</name>
         <load_address>0x11b23</load_address>
         <run_address>0x11b23</run_address>
         <size>0x1d5</size>
         <input_file_ref idref="fl-13"/>
      </object_component>
      <object_component id="oc-17b">
         <name>.debug_info</name>
         <load_address>0x11cf8</load_address>
         <run_address>0x11cf8</run_address>
         <size>0x219</size>
         <input_file_ref idref="fl-13"/>
      </object_component>
      <object_component id="oc-14b">
         <name>.debug_info</name>
         <load_address>0x11f11</load_address>
         <run_address>0x11f11</run_address>
         <size>0x1d4</size>
         <input_file_ref idref="fl-13"/>
      </object_component>
      <object_component id="oc-1ce">
         <name>.debug_info</name>
         <load_address>0x120e5</load_address>
         <run_address>0x120e5</run_address>
         <size>0x1b0</size>
         <input_file_ref idref="fl-14"/>
      </object_component>
      <object_component id="oc-26a">
         <name>.debug_info</name>
         <load_address>0x12295</load_address>
         <run_address>0x12295</run_address>
         <size>0x725</size>
         <input_file_ref idref="fl-17"/>
      </object_component>
      <object_component id="oc-264">
         <name>.debug_info</name>
         <load_address>0x129ba</load_address>
         <run_address>0x129ba</run_address>
         <size>0x25e</size>
         <input_file_ref idref="fl-17"/>
      </object_component>
      <object_component id="oc-122">
         <name>.debug_info</name>
         <load_address>0x12c18</load_address>
         <run_address>0x12c18</run_address>
         <size>0x248</size>
         <input_file_ref idref="fl-17"/>
      </object_component>
      <object_component id="oc-d0">
         <name>.debug_info</name>
         <load_address>0x12e60</load_address>
         <run_address>0x12e60</run_address>
         <size>0x27c</size>
         <input_file_ref idref="fl-17"/>
      </object_component>
      <object_component id="oc-1c9">
         <name>.debug_info</name>
         <load_address>0x130dc</load_address>
         <run_address>0x130dc</run_address>
         <size>0x27e</size>
         <input_file_ref idref="fl-17"/>
      </object_component>
      <object_component id="oc-2dd">
         <name>.debug_info</name>
         <load_address>0x1335a</load_address>
         <run_address>0x1335a</run_address>
         <size>0x6eb</size>
         <input_file_ref idref="fl-18"/>
      </object_component>
      <object_component id="oc-28e">
         <name>.debug_info</name>
         <load_address>0x13a45</load_address>
         <run_address>0x13a45</run_address>
         <size>0x234</size>
         <input_file_ref idref="fl-18"/>
      </object_component>
      <object_component id="oc-21b">
         <name>.debug_info</name>
         <load_address>0x13c79</load_address>
         <run_address>0x13c79</run_address>
         <size>0x229</size>
         <input_file_ref idref="fl-18"/>
      </object_component>
      <object_component id="oc-de">
         <name>.debug_info</name>
         <load_address>0x13ea2</load_address>
         <run_address>0x13ea2</run_address>
         <size>0x26c</size>
         <input_file_ref idref="fl-18"/>
      </object_component>
      <object_component id="oc-144">
         <name>.debug_info</name>
         <load_address>0x1410e</load_address>
         <run_address>0x1410e</run_address>
         <size>0x1c9</size>
         <input_file_ref idref="fl-19"/>
      </object_component>
      <object_component id="oc-282">
         <name>.debug_info</name>
         <load_address>0x142d7</load_address>
         <run_address>0x142d7</run_address>
         <size>0x19a</size>
         <input_file_ref idref="fl-1a"/>
      </object_component>
      <object_component id="oc-29e">
         <name>.debug_info</name>
         <load_address>0x14471</load_address>
         <run_address>0x14471</run_address>
         <size>0x194</size>
         <input_file_ref idref="fl-1a"/>
      </object_component>
      <object_component id="oc-11a">
         <name>.debug_info</name>
         <load_address>0x14605</load_address>
         <run_address>0x14605</run_address>
         <size>0x14b</size>
         <input_file_ref idref="fl-d2"/>
      </object_component>
      <object_component id="oc-11d">
         <name>.debug_info</name>
         <load_address>0x14750</load_address>
         <run_address>0x14750</run_address>
         <size>0x13d</size>
         <input_file_ref idref="fl-d6"/>
      </object_component>
      <object_component id="oc-114">
         <name>.debug_info</name>
         <load_address>0x1488d</load_address>
         <run_address>0x1488d</run_address>
         <size>0x12b</size>
         <input_file_ref idref="fl-d7"/>
      </object_component>
      <object_component id="oc-36">
         <name>.debug_info</name>
         <load_address>0x149b8</load_address>
         <run_address>0x149b8</run_address>
         <size>0x118</size>
         <input_file_ref idref="fl-d8"/>
      </object_component>
      <object_component id="oc-a7">
         <name>.debug_info</name>
         <load_address>0x14ad0</load_address>
         <run_address>0x14ad0</run_address>
         <size>0x2d3</size>
         <input_file_ref idref="fl-d9"/>
      </object_component>
      <object_component id="oc-42">
         <name>.debug_info</name>
         <load_address>0x14da3</load_address>
         <run_address>0x14da3</run_address>
         <size>0x1d1</size>
         <input_file_ref idref="fl-d9"/>
      </object_component>
      <object_component id="oc-a2">
         <name>.debug_info</name>
         <load_address>0x14f74</load_address>
         <run_address>0x14f74</run_address>
         <size>0x46</size>
         <input_file_ref idref="fl-d9"/>
      </object_component>
      <object_component id="oc-3f">
         <name>.debug_info</name>
         <load_address>0x14fba</load_address>
         <run_address>0x14fba</run_address>
         <size>0x2a7</size>
         <input_file_ref idref="fl-da"/>
      </object_component>
      <object_component id="oc-1d">
         <name>.debug_info</name>
         <load_address>0x15261</load_address>
         <run_address>0x15261</run_address>
         <size>0x1e9</size>
         <input_file_ref idref="fl-da"/>
      </object_component>
      <object_component id="oc-3a">
         <name>.debug_info</name>
         <load_address>0x1544a</load_address>
         <run_address>0x1544a</run_address>
         <size>0x46</size>
         <input_file_ref idref="fl-da"/>
      </object_component>
      <object_component id="oc-9a">
         <name>.debug_info</name>
         <load_address>0x15490</load_address>
         <run_address>0x15490</run_address>
         <size>0x2c</size>
         <input_file_ref idref="fl-da"/>
      </object_component>
      <object_component id="oc-98">
         <name>.debug_info</name>
         <load_address>0x154bc</load_address>
         <run_address>0x154bc</run_address>
         <size>0x29d</size>
         <input_file_ref idref="fl-db"/>
      </object_component>
      <object_component id="oc-18">
         <name>.debug_info</name>
         <load_address>0x15759</load_address>
         <run_address>0x15759</run_address>
         <size>0x24f</size>
         <input_file_ref idref="fl-db"/>
      </object_component>
      <object_component id="oc-2a">
         <name>.debug_info</name>
         <load_address>0x159a8</load_address>
         <run_address>0x159a8</run_address>
         <size>0x60</size>
         <input_file_ref idref="fl-db"/>
      </object_component>
      <object_component id="oc-133">
         <name>.debug_info</name>
         <load_address>0x15a08</load_address>
         <run_address>0x15a08</run_address>
         <size>0x46</size>
         <input_file_ref idref="fl-db"/>
      </object_component>
      <object_component id="oc-93">
         <name>.debug_info</name>
         <load_address>0x15a4e</load_address>
         <run_address>0x15a4e</run_address>
         <size>0x39</size>
         <input_file_ref idref="fl-db"/>
      </object_component>
      <object_component id="oc-27">
         <name>.debug_info</name>
         <load_address>0x15a87</load_address>
         <run_address>0x15a87</run_address>
         <size>0x10a</size>
         <input_file_ref idref="fl-e0"/>
      </object_component>
      <object_component id="oc-53">
         <name>.debug_info</name>
         <load_address>0x15b91</load_address>
         <run_address>0x15b91</run_address>
         <size>0x1a8</size>
         <input_file_ref idref="fl-e0"/>
      </object_component>
      <object_component id="oc-2af">
         <name>.debug_info</name>
         <load_address>0x15d39</load_address>
         <run_address>0x15d39</run_address>
         <size>0x4b2</size>
         <input_file_ref idref="fl-e8"/>
      </object_component>
      <object_component id="oc-1e2">
         <name>.debug_info</name>
         <load_address>0x161eb</load_address>
         <run_address>0x161eb</run_address>
         <size>0x1a5</size>
         <input_file_ref idref="fl-e8"/>
      </object_component>
      <object_component id="oc-2f1">
         <name>.debug_info</name>
         <load_address>0x16390</load_address>
         <run_address>0x16390</run_address>
         <size>0x39</size>
         <input_file_ref idref="fl-e8"/>
      </object_component>
      <object_component id="oc-30b">
         <name>.debug_info</name>
         <load_address>0x163c9</load_address>
         <run_address>0x163c9</run_address>
         <size>0x39</size>
         <input_file_ref idref="fl-e8"/>
      </object_component>
      <object_component id="oc-2f6">
         <name>.debug_info</name>
         <load_address>0x16402</load_address>
         <run_address>0x16402</run_address>
         <size>0x39</size>
         <input_file_ref idref="fl-e8"/>
      </object_component>
      <object_component id="oc-2fb">
         <name>.debug_info</name>
         <load_address>0x1643b</load_address>
         <run_address>0x1643b</run_address>
         <size>0xcd</size>
         <input_file_ref idref="fl-e8"/>
      </object_component>
      <object_component id="oc-af">
         <name>.debug_info</name>
         <load_address>0x16508</load_address>
         <run_address>0x16508</run_address>
         <size>0x152</size>
         <input_file_ref idref="fl-e9"/>
      </object_component>
      <object_component id="oc-1d5">
         <name>.debug_info</name>
         <load_address>0x1665a</load_address>
         <run_address>0x1665a</run_address>
         <size>0x121</size>
         <input_file_ref idref="fl-eb"/>
      </object_component>
      <object_component id="oc-349">
         <name>.debug_info</name>
         <load_address>0x1677b</load_address>
         <run_address>0x1677b</run_address>
         <size>0xc3</size>
      </object_component>
      <object_component id="oc-24f">
         <name>.debug_line</name>
         <load_address>0x0</load_address>
         <run_address>0x0</run_address>
         <size>0x2db</size>
         <input_file_ref idref="fl-2"/>
      </object_component>
      <object_component id="oc-26c">
         <name>.debug_line</name>
         <load_address>0x2db</load_address>
         <run_address>0x2db</run_address>
         <size>0x2d</size>
         <input_file_ref idref="fl-2"/>
      </object_component>
      <object_component id="oc-b9">
         <name>.debug_line</name>
         <load_address>0x308</load_address>
         <run_address>0x308</run_address>
         <size>0x6c</size>
         <input_file_ref idref="fl-2"/>
      </object_component>
      <object_component id="oc-86">
         <name>.debug_line</name>
         <load_address>0x374</load_address>
         <run_address>0x374</run_address>
         <size>0x4a</size>
         <input_file_ref idref="fl-2"/>
      </object_component>
      <object_component id="oc-8d">
         <name>.debug_line</name>
         <load_address>0x3be</load_address>
         <run_address>0x3be</run_address>
         <size>0x58</size>
         <input_file_ref idref="fl-2"/>
      </object_component>
      <object_component id="oc-75">
         <name>.debug_line</name>
         <load_address>0x416</load_address>
         <run_address>0x416</run_address>
         <size>0x47</size>
         <input_file_ref idref="fl-2"/>
      </object_component>
      <object_component id="oc-7b">
         <name>.debug_line</name>
         <load_address>0x45d</load_address>
         <run_address>0x45d</run_address>
         <size>0x47</size>
         <input_file_ref idref="fl-2"/>
      </object_component>
      <object_component id="oc-131">
         <name>.debug_line</name>
         <load_address>0x4a4</load_address>
         <run_address>0x4a4</run_address>
         <size>0x6f</size>
         <input_file_ref idref="fl-2"/>
      </object_component>
      <object_component id="oc-22b">
         <name>.debug_line</name>
         <load_address>0x513</load_address>
         <run_address>0x513</run_address>
         <size>0x7f</size>
         <input_file_ref idref="fl-2"/>
      </object_component>
      <object_component id="oc-226">
         <name>.debug_line</name>
         <load_address>0x592</load_address>
         <run_address>0x592</run_address>
         <size>0x82</size>
         <input_file_ref idref="fl-2"/>
      </object_component>
      <object_component id="oc-253">
         <name>.debug_line</name>
         <load_address>0x614</load_address>
         <run_address>0x614</run_address>
         <size>0x84</size>
         <input_file_ref idref="fl-2"/>
      </object_component>
      <object_component id="oc-ee">
         <name>.debug_line</name>
         <load_address>0x698</load_address>
         <run_address>0x698</run_address>
         <size>0x20</size>
         <input_file_ref idref="fl-2"/>
      </object_component>
      <object_component id="oc-23a">
         <name>.debug_line</name>
         <load_address>0x6b8</load_address>
         <run_address>0x6b8</run_address>
         <size>0x73</size>
         <input_file_ref idref="fl-2"/>
      </object_component>
      <object_component id="oc-217">
         <name>.debug_line</name>
         <load_address>0x72b</load_address>
         <run_address>0x72b</run_address>
         <size>0x6f</size>
         <input_file_ref idref="fl-2"/>
      </object_component>
      <object_component id="oc-e9">
         <name>.debug_line</name>
         <load_address>0x79a</load_address>
         <run_address>0x79a</run_address>
         <size>0x70</size>
         <input_file_ref idref="fl-2"/>
      </object_component>
      <object_component id="oc-13d">
         <name>.debug_line</name>
         <load_address>0x80a</load_address>
         <run_address>0x80a</run_address>
         <size>0x6b</size>
         <input_file_ref idref="fl-2"/>
      </object_component>
      <object_component id="oc-230">
         <name>.debug_line</name>
         <load_address>0x875</load_address>
         <run_address>0x875</run_address>
         <size>0x81</size>
         <input_file_ref idref="fl-2"/>
      </object_component>
      <object_component id="oc-c7">
         <name>.debug_line</name>
         <load_address>0x8f6</load_address>
         <run_address>0x8f6</run_address>
         <size>0x66</size>
         <input_file_ref idref="fl-3"/>
      </object_component>
      <object_component id="oc-32">
         <name>.debug_line</name>
         <load_address>0x95c</load_address>
         <run_address>0x95c</run_address>
         <size>0x20</size>
         <input_file_ref idref="fl-3"/>
      </object_component>
      <object_component id="oc-222">
         <name>.debug_line</name>
         <load_address>0x97c</load_address>
         <run_address>0x97c</run_address>
         <size>0x1d5</size>
         <input_file_ref idref="fl-4"/>
      </object_component>
      <object_component id="oc-2df">
         <name>.debug_line</name>
         <load_address>0xb51</load_address>
         <run_address>0xb51</run_address>
         <size>0x37</size>
         <input_file_ref idref="fl-4"/>
      </object_component>
      <object_component id="oc-81">
         <name>.debug_line</name>
         <load_address>0xb88</load_address>
         <run_address>0xb88</run_address>
         <size>0x5e</size>
         <input_file_ref idref="fl-4"/>
      </object_component>
      <object_component id="oc-d9">
         <name>.debug_line</name>
         <load_address>0xbe6</load_address>
         <run_address>0xbe6</run_address>
         <size>0x5c</size>
         <input_file_ref idref="fl-4"/>
      </object_component>
      <object_component id="oc-1a8">
         <name>.debug_line</name>
         <load_address>0xc42</load_address>
         <run_address>0xc42</run_address>
         <size>0x58</size>
         <input_file_ref idref="fl-4"/>
      </object_component>
      <object_component id="oc-235">
         <name>.debug_line</name>
         <load_address>0xc9a</load_address>
         <run_address>0xc9a</run_address>
         <size>0x37</size>
         <input_file_ref idref="fl-4"/>
      </object_component>
      <object_component id="oc-12d">
         <name>.debug_line</name>
         <load_address>0xcd1</load_address>
         <run_address>0xcd1</run_address>
         <size>0x44</size>
         <input_file_ref idref="fl-5"/>
      </object_component>
      <object_component id="oc-8f">
         <name>.debug_line</name>
         <load_address>0xd15</load_address>
         <run_address>0xd15</run_address>
         <size>0x44</size>
         <input_file_ref idref="fl-5"/>
      </object_component>
      <object_component id="oc-66">
         <name>.debug_line</name>
         <load_address>0xd59</load_address>
         <run_address>0xd59</run_address>
         <size>0x5d</size>
         <input_file_ref idref="fl-5"/>
      </object_component>
      <object_component id="oc-6b">
         <name>.debug_line</name>
         <load_address>0xdb6</load_address>
         <run_address>0xdb6</run_address>
         <size>0x59</size>
         <input_file_ref idref="fl-5"/>
      </object_component>
      <object_component id="oc-2d7">
         <name>.debug_line</name>
         <load_address>0xe0f</load_address>
         <run_address>0xe0f</run_address>
         <size>0x56</size>
         <input_file_ref idref="fl-10"/>
      </object_component>
      <object_component id="oc-2c8">
         <name>.debug_line</name>
         <load_address>0xe65</load_address>
         <run_address>0xe65</run_address>
         <size>0x52</size>
         <input_file_ref idref="fl-10"/>
      </object_component>
      <object_component id="oc-247">
         <name>.debug_line</name>
         <load_address>0xeb7</load_address>
         <run_address>0xeb7</run_address>
         <size>0x95</size>
         <input_file_ref idref="fl-10"/>
      </object_component>
      <object_component id="oc-275">
         <name>.debug_line</name>
         <load_address>0xf4c</load_address>
         <run_address>0xf4c</run_address>
         <size>0x6a</size>
         <input_file_ref idref="fl-10"/>
      </object_component>
      <object_component id="oc-154">
         <name>.debug_line</name>
         <load_address>0xfb6</load_address>
         <run_address>0xfb6</run_address>
         <size>0x6a</size>
         <input_file_ref idref="fl-10"/>
      </object_component>
      <object_component id="oc-170">
         <name>.debug_line</name>
         <load_address>0x1020</load_address>
         <run_address>0x1020</run_address>
         <size>0x7d</size>
         <input_file_ref idref="fl-10"/>
      </object_component>
      <object_component id="oc-158">
         <name>.debug_line</name>
         <load_address>0x109d</load_address>
         <run_address>0x109d</run_address>
         <size>0x76</size>
         <input_file_ref idref="fl-10"/>
      </object_component>
      <object_component id="oc-15e">
         <name>.debug_line</name>
         <load_address>0x1113</load_address>
         <run_address>0x1113</run_address>
         <size>0x7d</size>
         <input_file_ref idref="fl-10"/>
      </object_component>
      <object_component id="oc-188">
         <name>.debug_line</name>
         <load_address>0x1190</load_address>
         <run_address>0x1190</run_address>
         <size>0x71</size>
         <input_file_ref idref="fl-10"/>
      </object_component>
      <object_component id="oc-18e">
         <name>.debug_line</name>
         <load_address>0x1201</load_address>
         <run_address>0x1201</run_address>
         <size>0x7c</size>
         <input_file_ref idref="fl-10"/>
      </object_component>
      <object_component id="oc-164">
         <name>.debug_line</name>
         <load_address>0x127d</load_address>
         <run_address>0x127d</run_address>
         <size>0xa5</size>
         <input_file_ref idref="fl-10"/>
      </object_component>
      <object_component id="oc-ff">
         <name>.debug_line</name>
         <load_address>0x1322</load_address>
         <run_address>0x1322</run_address>
         <size>0x71</size>
         <input_file_ref idref="fl-10"/>
      </object_component>
      <object_component id="oc-176">
         <name>.debug_line</name>
         <load_address>0x1393</load_address>
         <run_address>0x1393</run_address>
         <size>0x6f</size>
         <input_file_ref idref="fl-10"/>
      </object_component>
      <object_component id="oc-23f">
         <name>.debug_line</name>
         <load_address>0x1402</load_address>
         <run_address>0x1402</run_address>
         <size>0x6d</size>
         <input_file_ref idref="fl-10"/>
      </object_component>
      <object_component id="oc-f3">
         <name>.debug_line</name>
         <load_address>0x146f</load_address>
         <run_address>0x146f</run_address>
         <size>0x6d</size>
         <input_file_ref idref="fl-10"/>
      </object_component>
      <object_component id="oc-f9">
         <name>.debug_line</name>
         <load_address>0x14dc</load_address>
         <run_address>0x14dc</run_address>
         <size>0x6f</size>
         <input_file_ref idref="fl-10"/>
      </object_component>
      <object_component id="oc-2d3">
         <name>.debug_line</name>
         <load_address>0x154b</load_address>
         <run_address>0x154b</run_address>
         <size>0x51</size>
         <input_file_ref idref="fl-10"/>
      </object_component>
      <object_component id="oc-198">
         <name>.debug_line</name>
         <load_address>0x159c</load_address>
         <run_address>0x159c</run_address>
         <size>0xe2</size>
         <input_file_ref idref="fl-11"/>
      </object_component>
      <object_component id="oc-1a1">
         <name>.debug_line</name>
         <load_address>0x167e</load_address>
         <run_address>0x167e</run_address>
         <size>0x69</size>
         <input_file_ref idref="fl-11"/>
      </object_component>
      <object_component id="oc-196">
         <name>.debug_line</name>
         <load_address>0x16e7</load_address>
         <run_address>0x16e7</run_address>
         <size>0x69</size>
         <input_file_ref idref="fl-11"/>
      </object_component>
      <object_component id="oc-303">
         <name>.debug_line</name>
         <load_address>0x1750</load_address>
         <run_address>0x1750</run_address>
         <size>0x56</size>
         <input_file_ref idref="fl-12"/>
      </object_component>
      <object_component id="oc-2cb">
         <name>.debug_line</name>
         <load_address>0x17a6</load_address>
         <run_address>0x17a6</run_address>
         <size>0x51</size>
         <input_file_ref idref="fl-12"/>
      </object_component>
      <object_component id="oc-1ab">
         <name>.debug_line</name>
         <load_address>0x17f7</load_address>
         <run_address>0x17f7</run_address>
         <size>0x6e</size>
         <input_file_ref idref="fl-12"/>
      </object_component>
      <object_component id="oc-1bd">
         <name>.debug_line</name>
         <load_address>0x1865</load_address>
         <run_address>0x1865</run_address>
         <size>0x78</size>
         <input_file_ref idref="fl-12"/>
      </object_component>
      <object_component id="oc-16c">
         <name>.debug_line</name>
         <load_address>0x18dd</load_address>
         <run_address>0x18dd</run_address>
         <size>0x78</size>
         <input_file_ref idref="fl-12"/>
      </object_component>
      <object_component id="oc-1b1">
         <name>.debug_line</name>
         <load_address>0x1955</load_address>
         <run_address>0x1955</run_address>
         <size>0x6c</size>
         <input_file_ref idref="fl-12"/>
      </object_component>
      <object_component id="oc-1b7">
         <name>.debug_line</name>
         <load_address>0x19c1</load_address>
         <run_address>0x19c1</run_address>
         <size>0x70</size>
         <input_file_ref idref="fl-12"/>
      </object_component>
      <object_component id="oc-1c3">
         <name>.debug_line</name>
         <load_address>0x1a31</load_address>
         <run_address>0x1a31</run_address>
         <size>0x6c</size>
         <input_file_ref idref="fl-12"/>
      </object_component>
      <object_component id="oc-257">
         <name>.debug_line</name>
         <load_address>0x1a9d</load_address>
         <run_address>0x1a9d</run_address>
         <size>0x6c</size>
         <input_file_ref idref="fl-12"/>
      </object_component>
      <object_component id="oc-10e">
         <name>.debug_line</name>
         <load_address>0x1b09</load_address>
         <run_address>0x1b09</run_address>
         <size>0x6c</size>
         <input_file_ref idref="fl-12"/>
      </object_component>
      <object_component id="oc-108">
         <name>.debug_line</name>
         <load_address>0x1b75</load_address>
         <run_address>0x1b75</run_address>
         <size>0x78</size>
         <input_file_ref idref="fl-12"/>
      </object_component>
      <object_component id="oc-305">
         <name>.debug_line</name>
         <load_address>0x1bed</load_address>
         <run_address>0x1bed</run_address>
         <size>0x50</size>
         <input_file_ref idref="fl-13"/>
      </object_component>
      <object_component id="oc-2d9">
         <name>.debug_line</name>
         <load_address>0x1c3d</load_address>
         <run_address>0x1c3d</run_address>
         <size>0x56</size>
         <input_file_ref idref="fl-13"/>
      </object_component>
      <object_component id="oc-180">
         <name>.debug_line</name>
         <load_address>0x1c93</load_address>
         <run_address>0x1c93</run_address>
         <size>0x6e</size>
         <input_file_ref idref="fl-13"/>
      </object_component>
      <object_component id="oc-17a">
         <name>.debug_line</name>
         <load_address>0x1d01</load_address>
         <run_address>0x1d01</run_address>
         <size>0x95</size>
         <input_file_ref idref="fl-13"/>
      </object_component>
      <object_component id="oc-14a">
         <name>.debug_line</name>
         <load_address>0x1d96</load_address>
         <run_address>0x1d96</run_address>
         <size>0x6e</size>
         <input_file_ref idref="fl-13"/>
      </object_component>
      <object_component id="oc-1d1">
         <name>.debug_line</name>
         <load_address>0x1e04</load_address>
         <run_address>0x1e04</run_address>
         <size>0x70</size>
         <input_file_ref idref="fl-14"/>
      </object_component>
      <object_component id="oc-2cf">
         <name>.debug_line</name>
         <load_address>0x1e74</load_address>
         <run_address>0x1e74</run_address>
         <size>0x56</size>
         <input_file_ref idref="fl-17"/>
      </object_component>
      <object_component id="oc-267">
[...]
            <compression>zero_init</compression>
         </cprec>
      </cptbl>
   </cptbl_list>
   <handler_table>
      <handler_table_name>__TI_handler_table</handler_table_name>
      <handler>
         <index>0x0</index>
         <name>__TI_decompress_lzss</name>
      </handler>
      <handler>
         <index>0x1</index>
         <name>__TI_decompress_none</name>
      </handler>
      <handler>
         <index>0x2</index>
         <name>__TI_zero_init</name>
      </handler>
   </handler_table>
   <symbol_table>
      <symbol id="sm-1">
         <name>WDTCTL_SYM</name>
         <value>0x4000480c</value>
      </symbol>
      <symbol id="sm-2">
         <name>__TI_CINIT_Base</name>
         <value>0x1758</value>
      </symbol>
      <symbol id="sm-3">
         <name>__TI_CINIT_Limit</name>
         <value>0x1768</value>
      </symbol>
      <symbol id="sm-4">
         <name>__TI_Handler_Table_Base</name>
         <value>0x1740</value>
      </symbol>
      <symbol id="sm-5">
         <name>__TI_Handler_Table_Limit</name>
         <value>0x174c</value>
      </symbol>
      <symbol id="sm-6">
         <name>binit</name>
         <value>0xffffffff</value>
      </symbol>
      <symbol id="sm-7">
         <name>__binit__</name>
         <value>0xffffffff</value>
      </symbol>
      <symbol id="sm-8">
         <name>__STACK_SIZE</name>
         <value>0x200</value>
      </symbol>
      <symbol id="sm-9">
         <name>__STACK_END</name>
         <value>0x20010000</value>
      </symbol>
      <symbol id="sm-a">
         <name>__c_args__</name>
         <value>0xffffffff</value>
      </symbol>
      <symbol id="sm-b">
         <name>__TI_pprof_out_hndl</name>
         <value>0xffffffff</value>
      </symbol>
      <symbol id="sm-c">
         <name>__TI_prof_data_start</name>
         <value>0xffffffff</value>
      </symbol>
      <symbol id="sm-d">
         <name>__TI_prof_data_size</name>
         <value>0xffffffff</value>
      </symbol>
      <symbol id="sm-a8">
         <name>adcResult</name>
         <value>0x20000022</value>
      </symbol>
      <symbol id="sm-a9">
         <name>pwmConfig</name>
         <value>0x20000024</value>
         <object_component_ref idref="oc-128"/>
      </symbol>
      <symbol id="sm-aa">
         <name>PORT1_IRQHandler</name>
         <value>0xa15</value>
         <object_component_ref idref="oc-88"/>
      </symbol>
      <symbol id="sm-ab">
         <name>TA0_0_IRQHandler</name>
         <value>0x1411</value>
         <object_component_ref idref="oc-70"/>
      </symbol>
      <symbol id="sm-ac">
         <name>main</name>
         <value>0x541</value>
         <object_component_ref idref="oc-b4"/>
      </symbol>
      <symbol id="sm-ad">
         <name>ADC14_IRQHandler</name>
         <value>0x11cd</value>
         <object_component_ref idref="oc-82"/>
      </symbol>
      <symbol id="sm-ae">
         <name>TA0_N_IRQHandler</name>
         <value>0x152d</value>
         <object_component_ref idref="oc-76"/>
      </symbol>
      <symbol id="sm-c6">
         <name>SystemInit</name>
         <value>0xd3d</value>
         <object_component_ref idref="oc-c6"/>
      </symbol>
      <symbol id="sm-102">
         <name>ringBuffer</name>
         <value>0x20000000</value>
      </symbol>
      <symbol id="sm-103">
         <name>uartConfig</name>
         <value>0x16f0</value>
         <object_component_ref idref="oc-293"/>
      </symbol>
      <symbol id="sm-104">
         <name>EUSCIA0_IRQHandler</name>
         <value>0xe29</value>
         <object_component_ref idref="oc-7c"/>
      </symbol>
      <symbol id="sm-105">
         <name>writeString</name>
         <value>0x129d</value>
         <object_component_ref idref="oc-d4"/>
      </symbol>
      <symbol id="sm-106">
         <name>initUART</name>
         <value>0xcc1</value>
         <object_component_ref idref="oc-1a3"/>
      </symbol>
      <symbol id="sm-122">
         <name>Reset_Handler</name>
         <value>0x1629</value>
         <object_component_ref idref="oc-64"/>
      </symbol>
      <symbol id="sm-123">
         <name>Default_Handler</name>
         <value>0x29b</value>
         <object_component_ref idref="oc-6a"/>
      </symbol>
      <symbol id="sm-124">
         <name>interruptVectors</name>
         <value>0x0</value>
         <object_component_ref idref="oc-23"/>
      </symbol>
      <symbol id="sm-211">
         <name>ADC14_configureSingleSampleMode</name>
         <value>0xfd5</value>
         <object_component_ref idref="oc-15b"/>
      </symbol>
      <symbol id="sm-212">
         <name>ADC14_enableInterrupt</name>
         <value>0x1301</value>
         <object_component_ref idref="oc-173"/>
      </symbol>
      <symbol id="sm-213">
         <name>ADC14_getInterruptStatus</name>
         <value>0x1361</value>
         <object_component_ref idref="oc-23c"/>
      </symbol>
      <symbol id="sm-214">
         <name>ADC14_enableSampleTimer</name>
         <value>0x1201</value>
         <object_component_ref idref="oc-16d"/>
      </symbol>
      <symbol id="sm-215">
         <name>ADC14_enableConversion</name>
         <value>0x143d</value>
         <object_component_ref idref="oc-185"/>
      </symbol>
      <symbol id="sm-216">
         <name>ADC14_toggleConversionTrigger</name>
         <value>0x138d</value>
         <object_component_ref idref="oc-18b"/>
      </symbol>
      <symbol id="sm-217">
         <name>ADC14_getEnabledInterruptStatus</name>
         <value>0x115d</value>
         <object_component_ref idref="oc-f0"/>
      </symbol>
      <symbol id="sm-218">
         <name>ADC14_initModule</name>
         <value>0x1085</value>
         <object_component_ref idref="oc-155"/>
      </symbol>
      <symbol id="sm-219">
         <name>ADC14_clearInterruptFlag</name>
         <value>0x12d1</value>
         <object_component_ref idref="oc-f6"/>
      </symbol>
      <symbol id="sm-21a">
         <name>ADC14_configureConversionMemory</name>
         <value>0x8c5</value>
         <object_component_ref idref="oc-161"/>
      </symbol>
      <symbol id="sm-21b">
         <name>ADC14_enableModule</name>
         <value>0x1611</value>
         <object_component_ref idref="oc-14f"/>
      </symbol>
      <symbol id="sm-21c">
         <name>ADC14_getResult</name>
         <value>0x1465</value>
         <object_component_ref idref="oc-fc"/>
      </symbol>
      <symbol id="sm-257">
         <name>CS_setDCOCenteredFrequency</name>
         <value>0x1235</value>
         <object_component_ref idref="oc-191"/>
      </symbol>
      <symbol id="sm-258">
         <name>CS_setReferenceOscillatorFrequency</name>
         <value>0x1331</value>
         <object_component_ref idref="oc-19d"/>
      </symbol>
      <symbol id="sm-259">
         <name>CS_initClockSignal</name>
         <value>0x679</value>
         <object_component_ref idref="oc-197"/>
      </symbol>
      <symbol id="sm-2d2">
         <name>GPIO_setAsInputPinWithPullUpResistor</name>
         <value>0x102d</value>
         <object_component_ref idref="oc-1b5"/>
      </symbol>
      <symbol id="sm-2d3">
         <name>GPIO_getInterruptStatus</name>
         <value>0x1555</value>
         <object_component_ref idref="oc-255"/>
      </symbol>
      <symbol id="sm-2d4">
         <name>GPIO_enableInterrupt</name>
         <value>0x14b5</value>
         <object_component_ref idref="oc-1c1"/>
      </symbol>
      <symbol id="sm-2d5">
         <name>GPIO_getEnabledInterruptStatus</name>
         <value>0xbbd</value>
         <object_component_ref idref="oc-106"/>
      </symbol>
      <symbol id="sm-2d6">
         <name>GPIO_setAsOutputPin</name>
         <value>0x111d</value>
         <object_component_ref idref="oc-1a9"/>
      </symbol>
      <symbol id="sm-2d7">
         <name>GPIO_setOutputLowOnPin</name>
         <value>0x14dd</value>
         <object_component_ref idref="oc-1af"/>
      </symbol>
      <symbol id="sm-2d8">
         <name>GPIO_clearInterruptFlag</name>
         <value>0x148d</value>
         <object_component_ref idref="oc-10c"/>
      </symbol>
      <symbol id="sm-2d9">
         <name>GPIO_setAsPeripheralModuleFunctionOutputPin</name>
         <value>0xb35</value>
         <object_component_ref idref="oc-1bb"/>
      </symbol>
      <symbol id="sm-2da">
         <name>GPIO_setAsPeripheralModuleFunctionInputPin</name>
         <value>0xaad</value>
         <object_component_ref idref="oc-167"/>
      </symbol>
      <symbol id="sm-30a">
         <name>Interrupt_enableSleepOnIsrExit</name>
         <value>0x15f1</value>
         <object_component_ref idref="oc-149"/>
      </symbol>
      <symbol id="sm-30b">
         <name>Interrupt_enableMaster</name>
         <value>0x15e1</value>
         <object_component_ref idref="oc-17f"/>
      </symbol>
      <symbol id="sm-30c">
         <name>Interrupt_enableInterrupt</name>
         <value>0xc41</value>
         <object_component_ref idref="oc-179"/>
      </symbol>
      <symbol id="sm-31b">
         <name>PCM_gotoLPM0</name>
         <value>0x1505</value>
         <object_component_ref idref="oc-1cd"/>
      </symbol>
      <symbol id="sm-357">
         <name>Timer_A_enableCaptureCompareInterrupt</name>
         <value>0x13e5</value>
         <object_component_ref idref="oc-1c7"/>
      </symbol>
      <symbol id="sm-358">
         <name>Timer_A_clearCaptureCompareInterrupt</name>
         <value>0x13b9</value>
         <object_component_ref idref="oc-ce"/>
      </symbol>
      <symbol id="sm-359">
         <name>Timer_A_generatePWM</name>
         <value>0xdb5</value>
         <object_component_ref idref="oc-121"/>
      </symbol>
      <symbol id="sm-38c">
         <name>UART_getEnabledInterruptStatus</name>
         <value>0xf6f</value>
         <object_component_ref idref="oc-dc"/>
      </symbol>
      <symbol id="sm-38d">
         <name>UART_getInterruptStatus</name>
         <value>0x15b9</value>
         <object_component_ref idref="oc-21a"/>
      </symbol>
      <symbol id="sm-38e">
         <name>UART_initModule</name>
         <value>0x7a9</value>
         <object_component_ref idref="oc-28d"/>
      </symbol>
      <symbol id="sm-39a">
         <name>WDT_A_holdTimer</name>
         <value>0x1579</value>
         <object_component_ref idref="oc-143"/>
      </symbol>
      <symbol id="sm-3ac">
         <name>CPU_wfi</name>
         <value>0x1635</value>
         <object_component_ref idref="oc-29d"/>
      </symbol>
      <symbol id="sm-3ad">
         <name>CPU_cpsie</name>
         <value>0x161d</value>
         <object_component_ref idref="oc-281"/>
      </symbol>
      <symbol id="sm-3c6">
         <name>__aeabi_dsub</name>
         <value>0xe5</value>
         <object_component_ref idref="oc-117"/>
      </symbol>
      <symbol id="sm-3c7">
         <name>__aeabi_dadd</name>
         <value>0xef</value>
         <object_component_ref idref="oc-117"/>
      </symbol>
      <symbol id="sm-3d6">
         <name>__aeabi_d2f</name>
         <value>0xe99</value>
         <object_component_ref idref="oc-11c"/>
      </symbol>
      <symbol id="sm-3e1">
         <name>__aeabi_f2d</name>
         <value>0x1195</value>
         <object_component_ref idref="oc-112"/>
      </symbol>
      <symbol id="sm-3fc">
         <name>memcpy</name>
         <value>0x979</value>
         <object_component_ref idref="oc-34"/>
      </symbol>
      <symbol id="sm-3fd">
         <name>__aeabi_memcpy</name>
         <value>0x979</value>
         <object_component_ref idref="oc-34"/>
      </symbol>
      <symbol id="sm-3fe">
         <name>__aeabi_memcpy8</name>
         <value>0x979</value>
         <object_component_ref idref="oc-34"/>
      </symbol>
      <symbol id="sm-3ff">
         <name>__aeabi_memcpy4</name>
         <value>0x979</value>
         <object_component_ref idref="oc-34"/>
      </symbol>
      <symbol id="sm-413">
         <name>__TI_zero_init_nomemset</name>
         <value>0x159d</value>
         <object_component_ref idref="oc-40"/>
      </symbol>
      <symbol id="sm-42a">
         <name>__TI_decompress_none</name>
         <value>0x1601</value>
         <object_component_ref idref="oc-1a"/>
      </symbol>
      <symbol id="sm-44d">
         <name>__TI_decompress_lzss</name>
         <value>0xf07</value>
         <object_component_ref idref="oc-14"/>
      </symbol>
      <symbol id="sm-464">
         <name>__stack</name>
         <value>0x2000fe00</value>
         <object_component_ref idref="oc-26"/>
      </symbol>
      <symbol id="sm-465">
         <name>_c_int00_noargs</name>
         <value>0x1269</value>
         <object_component_ref idref="oc-52"/>
      </symbol>
      <symbol id="sm-494">
         <name>__TI_auto_init_nobinit_nopinit</name>
         <value>0x10d9</value>
         <object_component_ref idref="oc-1e0"/>
      </symbol>
      <symbol id="sm-49e">
         <name>_system_pre_init</name>
         <value>0x1639</value>
         <object_component_ref idref="oc-ae"/>
      </symbol>
      <symbol id="sm-4aa">
         <name>C$$EXIT</name>
         <value>0x163d</value>
         <object_component_ref idref="oc-1d4"/>
      </symbol>
      <symbol id="sm-4ab">
         <name>abort</name>
         <value>0x163d</value>
         <object_component_ref idref="oc-1d4"/>
      </symbol>
      <symbol id="sm-4b6">
         <name>__TI_static_base__</name>
         <value>0x0</value>
      </symbol>
      <symbol id="sm-4b9">
         <name>__mpu_init</name>
         <value>0x0</value>
      </symbol>
      <symbol id="sm-4ba">
         <name>_system_post_cinit</name>
         <value>0x0</value>
      </symbol>
      <symbol id="sm-4bb">
         <name>NMI_Handler</name>
         <value>0x29b</value>
      </symbol>
      <symbol id="sm-4bc">
         <name>HardFault_Handler</name>
         <value>0x29b</value>
      </symbol>
      <symbol id="sm-4bd">
         <name>MemManage_Handler</name>
         <value>0x29b</value>
      </symbol>
      <symbol id="sm-4be">
         <name>BusFault_Handler</name>
         <value>0x29b</value>
      </symbol>
      <symbol id="sm-4bf">
         <name>UsageFault_Handler</name>
         <value>0x29b</value>
      </symbol>
      <symbol id="sm-4c0">
         <name>SVC_Handler</name>
         <value>0x29b</value>
      </symbol>
      <symbol id="sm-4c1">
         <name>DebugMon_Handler</name>
         <value>0x29b</value>
      </symbol>
      <symbol id="sm-4c2">
         <name>PendSV_Handler</name>
         <value>0x29b</value>
      </symbol>
      <symbol id="sm-4c3">
         <name>SysTick_Handler</name>
         <value>0x29b</value>
      </symbol>
      <symbol id="sm-4c4">
         <name>PSS_IRQHandler</name>
         <value>0x29b</value>
      </symbol>
      <symbol id="sm-4c5">
         <name>CS_IRQHandler</name>
         <value>0x29b</value>
      </symbol>
      <symbol id="sm-4c6">
         <name>PCM_IRQHandler</name>
         <value>0x29b</value>
      </symbol>
      <symbol id="sm-4c7">
         <name>WDT_A_IRQHandler</name>
         <value>0x29b</value>
      </symbol>
      <symbol id="sm-4c8">
         <name>FPU_IRQHandler</name>
         <value>0x29b</value>
      </symbol>
      <symbol id="sm-4c9">
         <name>FLCTL_IRQHandler</name>
         <value>0x29b</value>
      </symbol>
      <symbol id="sm-4ca">
         <name>COMP_E0_IRQHandler</name>
         <value>0x29b</value>
      </symbol>
      <symbol id="sm-4cb">
         <name>COMP_E1_IRQHandler</name>
         <value>0x29b</value>
      </symbol>
      <symbol id="sm-4cc">
         <name>TA0_0_IRQHandler</name>
         <value>0x1411</value>
      </symbol>
      <symbol id="sm-4cd">
         <name>TA0_N_IRQHandler</name>
         <value>0x152d</value>
      </symbol>
      <symbol id="sm-4ce">
         <name>TA1_0_IRQHandler</name>
         <value>0x29b</value>
      </symbol>
      <symbol id="sm-4cf">
         <name>TA1_N_IRQHandler</name>
         <value>0x29b</value>
      </symbol>
      <symbol id="sm-4d0">
         <name>TA2_0_IRQHandler</name>
         <value>0x29b</value>
      </symbol>
      <symbol id="sm-4d1">
         <name>TA2_N_IRQHandler</name>
         <value>0x29b</value>
      </symbol>
      <symbol id="sm-4d2">
         <name>TA3_0_IRQHandler</name>
         <value>0x29b</value>
      </symbol>
      <symbol id="sm-4d3">
         <name>TA3_N_IRQHandler</name>
         <value>0x29b</value>
      </symbol>
      <symbol id="sm-4d4">
         <name>EUSCIA0_IRQHandler</name>
         <value>0xe29</value>
      </symbol>
      <symbol id="sm-4d5">
         <name>EUSCIA1_IRQHandler</name>
         <value>0x29b</value>
      </symbol>
      <symbol id="sm-4d6">
         <name>EUSCIA2_IRQHandler</name>
         <value>0x29b</value>
      </symbol>
      <symbol id="sm-4d7">
         <name>EUSCIA3_IRQHandler</name>
         <value>0x29b</value>
      </symbol>
      <symbol id="sm-4d8">
         <name>EUSCIB0_IRQHandler</name>
         <value>0x29b</value>
      </symbol>
      <symbol id="sm-4d9">
         <name>EUSCIB1_IRQHandler</name>
         <value>0x29b</value>
      </symbol>
      <symbol id="sm-4da">
         <name>EUSCIB2_IRQHandler</name>
         <value>0x29b</value>
      </symbol>
      <symbol id="sm-4db">
         <name>EUSCIB3_IRQHandler</name>
         <value>0x29b</value>
      </symbol>
      <symbol id="sm-4dc">
         <name>ADC14_IRQHandler</name>
         <value>0x11cd</value>
      </symbol>
      <symbol id="sm-4dd">
         <name>T32_INT1_IRQHandler</name>
         <value>0x29b</value>
      </symbol>
      <symbol id="sm-4de">
         <name>T32_INT2_IRQHandler</name>
         <value>0x29b</value>
      </symbol>
      <symbol id="sm-4df">
         <name>T32_INTC_IRQHandler</name>
         <value>0x29b</value>
      </symbol>
      <symbol id="sm-4e0">
         <name>AES256_IRQHandler</name>
         <value>0x29b</value>
      </symbol>
      <symbol id="sm-4e1">
         <name>RTC_C_IRQHandler</name>
         <value>0x29b</value>
      </symbol>
      <symbol id="sm-4e2">
         <name>DMA_ERR_IRQHandler</name>
         <value>0x29b</value>
      </symbol>
      <symbol id="sm-4e3">
         <name>DMA_INT3_IRQHandler</name>
         <value>0x29b</value>
      </symbol>
      <symbol id="sm-4e4">
         <name>DMA_INT2_IRQHandler</name>
         <value>0x29b</value>
      </symbol>
      <symbol id="sm-4e5">
         <name>DMA_INT1_IRQHandler</name>
         <value>0x29b</value>
      </symbol>
      <symbol id="sm-4e6">
         <name>DMA_INT0_IRQHandler</name>
         <value>0x29b</value>
      </symbol>
      <symbol id="sm-4e7">
         <name>PORT1_IRQHandler</name>
         <value>0xa15</value>
      </symbol>
      <symbol id="sm-4e8">
         <name>PORT2_IRQHandler</name>
         <value>0x29b</value>
      </symbol>
      <symbol id="sm-4e9">
         <name>PORT3_IRQHandler</name>
         <value>0x29b</value>
      </symbol>
      <symbol id="sm-4ea">
         <name>PORT4_IRQHandler</name>
         <value>0x29b</value>
      </symbol>
      <symbol id="sm-4eb">
         <name>PORT5_IRQHandler</name>
         <value>0x29b</value>
      </symbol>
      <symbol id="sm-4ec">
         <name>PORT6_IRQHandler</name>
         <value>0x29b</value>
      </symbol>
   </symbol_table>
   <title>Link successful</title>
</link_info>
